Archive member included to satisfy reference by file (symbol)

c:/program files (x86)/atmel/studio/7.0/toolchain/arm/arm-gnu-toolchain/bin/../lib/gcc/arm-none-eabi/5.3.1/armv7-m\libgcc.a(_arm_addsubdf3.o)
                              src/Platform/Driver/D_SYS/D_SYS.o (__aeabi_i2d)
c:/program files (x86)/atmel/studio/7.0/toolchain/arm/arm-gnu-toolchain/bin/../lib/gcc/arm-none-eabi/5.3.1/armv7-m\libgcc.a(_arm_fixunsdfsi.o)
                              src/Platform/Driver/D_SYS/D_SYS.o (__aeabi_d2uiz)
c:/program files (x86)/atmel/studio/7.0/toolchain/arm/arm-gnu-toolchain/bin/../lib/gcc/arm-none-eabi/5.3.1/../../../../arm-none-eabi/lib/armv7-m\libc.a(lib_a-exit.o)
                              c:/program files (x86)/atmel/studio/7.0/toolchain/arm/arm-gnu-toolchain/bin/../lib/gcc/arm-none-eabi/5.3.1/../../../../arm-none-eabi/lib/armv7-m/crt0.o (exit)
c:/program files (x86)/atmel/studio/7.0/toolchain/arm/arm-gnu-toolchain/bin/../lib/gcc/arm-none-eabi/5.3.1/../../../../arm-none-eabi/lib/armv7-m\libc.a(lib_a-impure.o)
                              c:/program files (x86)/atmel/studio/7.0/toolchain/arm/arm-gnu-toolchain/bin/../lib/gcc/arm-none-eabi/5.3.1/../../../../arm-none-eabi/lib/armv7-m\libc.a(lib_a-exit.o) (_global_impure_ptr)
c:/program files (x86)/atmel/studio/7.0/toolchain/arm/arm-gnu-toolchain/bin/../lib/gcc/arm-none-eabi/5.3.1/../../../../arm-none-eabi/lib/armv7-m\libc.a(lib_a-init.o)
                              c:/program files (x86)/atmel/studio/7.0/toolchain/arm/arm-gnu-toolchain/bin/../lib/gcc/arm-none-eabi/5.3.1/../../../../arm-none-eabi/lib/armv7-m/crt0.o (__libc_init_array)
c:/program files (x86)/atmel/studio/7.0/toolchain/arm/arm-gnu-toolchain/bin/../lib/gcc/arm-none-eabi/5.3.1/../../../../arm-none-eabi/lib/armv7-m\libc.a(lib_a-iprintf.o)
                              src/ASF/sam/drivers/adc/adc.o (iprintf)
c:/program files (x86)/atmel/studio/7.0/toolchain/arm/arm-gnu-toolchain/bin/../lib/gcc/arm-none-eabi/5.3.1/../../../../arm-none-eabi/lib/armv7-m\libc.a(lib_a-memset.o)
                              c:/program files (x86)/atmel/studio/7.0/toolchain/arm/arm-gnu-toolchain/bin/../lib/gcc/arm-none-eabi/5.3.1/../../../../arm-none-eabi/lib/armv7-m/crt0.o (memset)
c:/program files (x86)/atmel/studio/7.0/toolchain/arm/arm-gnu-toolchain/bin/../lib/gcc/arm-none-eabi/5.3.1/../../../../arm-none-eabi/lib/armv7-m\libc.a(lib_a-puts.o)
                              src/ASF/sam/drivers/adc/adc.o (puts)
c:/program files (x86)/atmel/studio/7.0/toolchain/arm/arm-gnu-toolchain/bin/../lib/gcc/arm-none-eabi/5.3.1/../../../../arm-none-eabi/lib/armv7-m\libc.a(lib_a-setbuf.o)
                              src/CPU3.o (setbuf)
c:/program files (x86)/atmel/studio/7.0/toolchain/arm/arm-gnu-toolchain/bin/../lib/gcc/arm-none-eabi/5.3.1/../../../../arm-none-eabi/lib/armv7-m\libc.a(lib_a-setvbuf.o)
                              c:/program files (x86)/atmel/studio/7.0/toolchain/arm/arm-gnu-toolchain/bin/../lib/gcc/arm-none-eabi/5.3.1/../../../../arm-none-eabi/lib/armv7-m\libc.a(lib_a-setbuf.o) (setvbuf)
c:/program files (x86)/atmel/studio/7.0/toolchain/arm/arm-gnu-toolchain/bin/../lib/gcc/arm-none-eabi/5.3.1/../../../../arm-none-eabi/lib/armv7-m\libc.a(lib_a-strlen-stub.o)
                              c:/program files (x86)/atmel/studio/7.0/toolchain/arm/arm-gnu-toolchain/bin/../lib/gcc/arm-none-eabi/5.3.1/../../../../arm-none-eabi/lib/armv7-m\libc.a(lib_a-puts.o) (strlen)
c:/program files (x86)/atmel/studio/7.0/toolchain/arm/arm-gnu-toolchain/bin/../lib/gcc/arm-none-eabi/5.3.1/../../../../arm-none-eabi/lib/armv7-m\libc.a(lib_a-vfiprintf.o)
                              c:/program files (x86)/atmel/studio/7.0/toolchain/arm/arm-gnu-toolchain/bin/../lib/gcc/arm-none-eabi/5.3.1/../../../../arm-none-eabi/lib/armv7-m\libc.a(lib_a-iprintf.o) (_vfiprintf_r)
c:/program files (x86)/atmel/studio/7.0/toolchain/arm/arm-gnu-toolchain/bin/../lib/gcc/arm-none-eabi/5.3.1/../../../../arm-none-eabi/lib/armv7-m\libc.a(lib_a-wsetup.o)
                              c:/program files (x86)/atmel/studio/7.0/toolchain/arm/arm-gnu-toolchain/bin/../lib/gcc/arm-none-eabi/5.3.1/../../../../arm-none-eabi/lib/armv7-m\libc.a(lib_a-vfiprintf.o) (__swsetup_r)
c:/program files (x86)/atmel/studio/7.0/toolchain/arm/arm-gnu-toolchain/bin/../lib/gcc/arm-none-eabi/5.3.1/../../../../arm-none-eabi/lib/armv7-m\libc.a(lib_a-__call_atexit.o)
                              c:/program files (x86)/atmel/studio/7.0/toolchain/arm/arm-gnu-toolchain/bin/../lib/gcc/arm-none-eabi/5.3.1/../../../../arm-none-eabi/lib/armv7-m\libc.a(lib_a-exit.o) (__call_exitprocs)
c:/program files (x86)/atmel/studio/7.0/toolchain/arm/arm-gnu-toolchain/bin/../lib/gcc/arm-none-eabi/5.3.1/../../../../arm-none-eabi/lib/armv7-m\libc.a(lib_a-atexit.o)
                              c:/program files (x86)/atmel/studio/7.0/toolchain/arm/arm-gnu-toolchain/bin/../lib/gcc/arm-none-eabi/5.3.1/../../../../arm-none-eabi/lib/armv7-m\libc.a(lib_a-__call_atexit.o) (atexit)
[...]
Memory Configuration

Name             Origin             Length             Attributes
rom              0x00080000         0x00080000         xr
sram0            0x20000000         0x00010000         xrw
sram1            0x20080000         0x00008000         xrw
ram              0x20070000         0x00018000         xrw
*default*        0x00000000         0xffffffff

Linker script and memory map

LOAD c:/program files (x86)/atmel/studio/7.0/toolchain/arm/arm-gnu-toolchain/bin/../lib/gcc/arm-none-eabi/5.3.1/armv7-m/crti.o
LOAD c:/program files (x86)/atmel/studio/7.0/toolchain/arm/arm-gnu-toolchain/bin/../lib/gcc/arm-none-eabi/5.3.1/armv7-m/crtbegin.o
LOAD c:/program files (x86)/atmel/studio/7.0/toolchain/arm/arm-gnu-toolchain/bin/../lib/gcc/arm-none-eabi/5.3.1/../../../../arm-none-eabi/lib/armv7-m/crt0.o
LOAD src/Platform/Driver/ADC/D_ADC.o
LOAD src/Platform/Driver/CLOCK/D_CLOCK.o
LOAD src/Platform/Driver/DD_CAN/D_CAN.o
LOAD src/Platform/Driver/D_SYS/D_SYS.o
LOAD src/Platform/Driver/GPIO/D_GPIO.o
LOAD src/Platform/Driver/HANDLER/D_HANDLER.o
LOAD src/Platform/Driver/IIC/D_IIC.o
LOAD src/Platform/Driver/INT/D_INT.o
LOAD src/Platform/Driver/PWM/D_PWM.o
LOAD src/Platform/Driver/TIMER/D_TIMER.o
LOAD src/Platform/Service/CNTRL/S_CNTRL.o
LOAD src/Platform/Service/console/console_callback.o
LOAD src/Platform/Service/STATUS/S_STUS.o
LOAD src/Platform/Service/SYS/S_SYS.o
LOAD src/Platform/Service/TIMER/S_TIMER.o
LOAD src/ASF/common/services/serial/usart_serial.o
LOAD src/ASF/common/utils/stdio/read.o
LOAD src/ASF/common/utils/stdio/write.o
LOAD src/ASF/sam/drivers/adc/adc.o
LOAD src/ASF/sam/drivers/adc/adc_sam3u.o
LOAD src/ASF/sam/drivers/pwm/pwm.o
LOAD src/ASF/sam/drivers/tc/tc.o
LOAD src/ASF/sam/drivers/twi/twi.o
LOAD src/ASF/sam/drivers/uart/uart.o
LOAD src/ASF/sam/drivers/usart/usart.o
LOAD src/CPU3.o
LOAD src/ASF/common/services/clock/sam3x/sysclk.o
LOAD src/ASF/common/utils/interrupt/interrupt_sam_nvic.o
LOAD src/ASF/sam/boards/arduino_due_x/init.o
LOAD src/ASF/sam/drivers/pio/pio.o
LOAD src/ASF/sam/drivers/pio/pio_handler.o
LOAD src/ASF/sam/drivers/pmc/pmc.o
LOAD src/ASF/sam/drivers/pmc/sleep.o
LOAD src/ASF/sam/utils/cmsis/sam3x/source/templates/exceptions.o
LOAD src/ASF/sam/utils/cmsis/sam3x/source/templates/gcc/startup_sam3x.o
LOAD src/ASF/sam/utils/cmsis/sam3x/source/templates/system_sam3x.o
LOAD src/ASF/sam/utils/syscalls/gcc/syscalls.o
START GROUP
LOAD ../src/ASF/thirdparty/CMSIS/Lib/GCC\libarm_cortexM3l_math.a
LOAD c:/program files (x86)/atmel/studio/7.0/toolchain/arm/arm-gnu-toolchain/bin/../lib/gcc/arm-none-eabi/5.3.1/../../../../arm-none-eabi/lib/armv7-m\libm.a
END GROUP
START GROUP
LOAD c:/program files (x86)/atmel/studio/7.0/toolchain/arm/arm-gnu-toolchain/bin/../lib/gcc/arm-none-eabi/5.3.1/armv7-m\libgcc.a
LOAD c:/program files (x86)/atmel/studio/7.0/toolchain/arm/arm-gnu-toolchain/bin/../lib/gcc/arm-none-eabi/5.3.1/../../../../arm-none-eabi/lib/armv7-m\libc.a
END GROUP
LOAD c:/program files (x86)/atmel/studio/7.0/toolchain/arm/arm-gnu-toolchain/bin/../lib/gcc/arm-none-eabi/5.3.1/armv7-m/crtend.o
LOAD c:/program files (x86)/atmel/studio/7.0/toolchain/arm/arm-gnu-toolchain/bin/../lib/gcc/arm-none-eabi/5.3.1/armv7-m/crtn.o
                0x00002000                __stack_size__ = DEFINED (__stack_size__)?__stack_size__:0x2000

.text           0x00080000     0x6800
                0x00080000                . = ALIGN (0x4)
                0x00080000                _sfixed = .
 *(.vectors .vectors.*)
 .vectors       0x00080000       0xf4 src/ASF/sam/utils/cmsis/sam3x/source/templates/gcc/startup_sam3x.o
                0x00080000                exception_table
 *(.text .text.* .gnu.linkonce.t.*)
 .text          0x000800f4       0x5c c:/program files (x86)/atmel/studio/7.0/toolchain/arm/arm-gnu-toolchain/bin/../lib/gcc/arm-none-eabi/5.3.1/armv7-m/crtbegin.o
 .text.CPU3_D_INIT_CLOCK
                0x00080150       0x34 src/Platform/Driver/CLOCK/D_CLOCK.o
                0x00080150                CPU3_D_INIT_CLOCK
 .text.NVIC_EnableIRQ
                0x00080184       0x30 src/Platform/Driver/DD_CAN/D_CAN.o
 .text.CAN0_Handler
                0x000801b4       0x60 src/Platform/Driver/DD_CAN/D_CAN.o
                0x000801b4                CAN0_Handler
 .text.dd_can_extract_mailbox_data
                0x00080214      0x224 src/Platform/Driver/DD_CAN/D_CAN.o
 .text.dd_can_mailbox_read
                0x00080438       0xd0 src/Platform/Driver/DD_CAN/D_CAN.o
 .text.dd_can_mailbox_conf
                0x00080508       0xf0 src/Platform/Driver/DD_CAN/D_CAN.o
                0x00080508                dd_can_mailbox_conf
 .text.DD_INIT_CAN
                0x000805f8      0x158 src/Platform/Driver/DD_CAN/D_CAN.o
                0x000805f8                DD_INIT_CAN
 .text.CPU3_D_SET_PUMP
                0x00080750       0x74 src/Platform/Driver/D_SYS/D_SYS.o
                0x00080750                CPU3_D_SET_PUMP
 .text.CPU3_D_CONFIG_TIMER
                0x000807c4       0xb8 src/Platform/Driver/D_SYS/D_SYS.o
                0x000807c4                CPU3_D_CONFIG_TIMER
 .text.CPU3_D_STOP_TIMER
                0x0008087c       0x7c src/Platform/Driver/D_SYS/D_SYS.o
                0x0008087c                CPU3_D_STOP_TIMER
 .text.CPU3_D_INIT_PIO
                0x000808f8      0x138 src/Platform/Driver/GPIO/D_GPIO.o
                0x000808f8                CPU3_D_INIT_PIO
 .text.NVIC_ClearPendingIRQ
                0x00080a30       0x34 src/Platform/Driver/HANDLER/D_HANDLER.o
 .text.TC0_Handler
                0x00080a64       0xd8 src/Platform/Driver/HANDLER/D_HANDLER.o
                0x00080a64                TC0_Handler
 .text.TC1_Handler
                0x00080b3c       0xd8 src/Platform/Driver/HANDLER/D_HANDLER.o
                0x00080b3c                TC1_Handler
 .text.TC2_Handler
                0x00080c14       0x38 src/Platform/Driver/HANDLER/D_HANDLER.o
                0x00080c14                TC2_Handler
 .text.TC3_Handler
                0x00080c4c       0x18 src/Platform/Driver/HANDLER/D_HANDLER.o
                0x00080c4c                TC3_Handler
 .text.TC6_Handler
                0x00080c64       0xd0 src/Platform/Driver/HANDLER/D_HANDLER.o
                0x00080c64                TC6_Handler
 .text.NVIC_EnableIRQ
                0x00080d34       0x30 src/Platform/Driver/INT/D_INT.o
 .text.NVIC_DisableIRQ
                0x00080d64       0x34 src/Platform/Driver/INT/D_INT.o
 .text.NVIC_ClearPendingIRQ
                0x00080d98       0x34 src/Platform/Driver/INT/D_INT.o
 .text.NVIC_SetPriority
                0x00080dcc       0x54 src/Platform/Driver/INT/D_INT.o
 .text.CPU3_D_INIT_INT
                0x00080e20       0xe4 src/Platform/Driver/INT/D_INT.o
                0x00080e20                CPU3_D_INIT_INT
 .text.CPU3_D_INIT_PWM
                0x00080f04       0x64 src/Platform/Driver/PWM/D_PWM.o
                0x00080f04                CPU3_D_INIT_PWM
 .text.CPU3_D_INIT_TIMER
                0x00080f68       0x98 src/Platform/Driver/TIMER/D_TIMER.o
                0x00080f68                CPU3_D_INIT_TIMER
 .text.CPU3_D_MAIN_TIMER
                0x00081000       0x5c src/Platform/Driver/TIMER/D_TIMER.o
                0x00081000                CPU3_D_MAIN_TIMER
 .text.acid_startTimer1
                0x0008105c       0x70 src/Platform/Driver/TIMER/D_TIMER.o
                0x0008105c                acid_startTimer1
 .text.bicar_startTimer1
                0x000810cc       0x70 src/Platform/Driver/TIMER/D_TIMER.o
                0x000810cc                bicar_startTimer1
 .text.startTimer1
                0x0008113c       0x74 src/Platform/Driver/TIMER/D_TIMER.o
                0x0008113c                startTimer1
 .text.cpu3_sv_cntrl_activatepump
                0x000811b0       0x20 src/Platform/Service/CNTRL/S_CNTRL.o
                0x000811b0                cpu3_sv_cntrl_activatepump
 .text.CPU3_S_SYSTEM_INIT
                0x000811d0       0x48 src/Platform/Service/SYS/S_SYS.o
                0x000811d0                CPU3_S_SYSTEM_INIT
 .text.CPU3_S_START_TIMER
                0x00081218       0x28 src/Platform/Service/TIMER/S_TIMER.o
                0x00081218                CPU3_S_START_TIMER
 .text.CPU3_S_STOP_TIMER
                0x00081240       0x20 src/Platform/Service/TIMER/S_TIMER.o
                0x00081240                CPU3_S_STOP_TIMER
 .text._read    0x00081260       0x54 src/ASF/common/utils/stdio/read.o
                0x00081260                _read
 .text._write   0x000812b4       0x6c src/ASF/common/utils/stdio/write.o
                0x000812b4                _write
 .text.tc_init  0x00081320       0x38 src/ASF/sam/drivers/tc/tc.o
                0x00081320                tc_init
 .text.tc_start
                0x00081358       0x20 src/ASF/sam/drivers/tc/tc.o
                0x00081358                tc_start
 .text.tc_stop  0x00081378       0x20 src/ASF/sam/drivers/tc/tc.o
                0x00081378                tc_stop
 .text.tc_write_rc
                0x00081398       0x24 src/ASF/sam/drivers/tc/tc.o
                0x00081398                tc_write_rc
 .text.tc_enable_interrupt
                0x000813bc       0x28 src/ASF/sam/drivers/tc/tc.o
                0x000813bc                tc_enable_interrupt
 .text.tc_get_status
                0x000813e4       0x24 src/ASF/sam/drivers/tc/tc.o
                0x000813e4                tc_get_status
 .text.uart_init
                0x00081408       0x60 src/ASF/sam/drivers/uart/uart.o
                0x00081408                uart_init
 .text.uart_enable_tx
                0x00081468       0x18 src/ASF/sam/drivers/uart/uart.o
                0x00081468                uart_enable_tx
 .text.uart_enable_rx
                0x00081480       0x18 src/ASF/sam/drivers/uart/uart.o
                0x00081480                uart_enable_rx
 .text.uart_enable
                0x00081498       0x18 src/ASF/sam/drivers/uart/uart.o
                0x00081498                uart_enable
 .text.uart_enable_interrupt
                0x000814b0       0x1c src/ASF/sam/drivers/uart/uart.o
                0x000814b0                uart_enable_interrupt
 .text.uart_write
                0x000814cc       0x30 src/ASF/sam/drivers/uart/uart.o
                0x000814cc                uart_write
 .text.uart_read
                0x000814fc       0x30 src/ASF/sam/drivers/uart/uart.o
                0x000814fc                uart_read
 .text.usart_set_async_baudrate
                0x0008152c       0x88 src/ASF/sam/drivers/usart/usart.o
 .text.usart_reset
                0x000815b4       0x54 src/ASF/sam/drivers/usart/usart.o
                0x000815b4                usart_reset
 .text.usart_init_rs232
                0x00081608       0x84 src/ASF/sam/drivers/usart/usart.o
                0x00081608                usart_init_rs232
 .text.usart_enable_tx
                0x0008168c       0x18 src/ASF/sam/drivers/usart/usart.o
                0x0008168c                usart_enable_tx
 .text.usart_reset_tx
                0x000816a4       0x18 src/ASF/sam/drivers/usart/usart.o
                0x000816a4                usart_reset_tx
 .text.usart_enable_rx
                0x000816bc       0x18 src/ASF/sam/drivers/usart/usart.o
                0x000816bc                usart_enable_rx
 .text.usart_reset_rx
                0x000816d4       0x18 src/ASF/sam/drivers/usart/usart.o
                0x000816d4                usart_reset_rx
 .text.usart_reset_status
                0x000816ec       0x1c src/ASF/sam/drivers/usart/usart.o
                0x000816ec                usart_reset_status
 .text.usart_drive_RTS_pin_high
                0x00081708       0x1c src/ASF/sam/drivers/usart/usart.o
                0x00081708                usart_drive_RTS_pin_high
 .text.usart_write
                0x00081724       0x30 src/ASF/sam/drivers/usart/usart.o
                0x00081724                usart_write
 .text.usart_read
                0x00081754       0x34 src/ASF/sam/drivers/usart/usart.o
                0x00081754                usart_read
 .text.usart_disable_writeprotect
                0x00081788       0x20 src/ASF/sam/drivers/usart/usart.o
                0x00081788                usart_disable_writeprotect
 .text.NVIC_EnableIRQ
                0x000817a8       0x30 src/CPU3.o
 .text.NVIC_DisableIRQ
                0x000817d8       0x34 src/CPU3.o
 .text.NVIC_ClearPendingIRQ
                0x0008180c       0x34 src/CPU3.o
 .text.NVIC_SetPriority
                0x00081840       0x54 src/CPU3.o
 .text.osc_get_rate
                0x00081894       0x74 src/CPU3.o
 .text.sysclk_get_main_hz
                0x00081908       0x1c src/CPU3.o
 .text.sysclk_get_peripheral_hz
                0x00081924       0x14 src/CPU3.o
 .text.sysclk_enable_peripheral_clock
                0x00081938       0x1c src/CPU3.o
 .text.usart_serial_init
                0x00081954      0x138 src/CPU3.o
 .text.usart_serial_putchar
                0x00081a8c       0xc8 src/CPU3.o
 .text.usart_serial_getchar
                0x00081b54       0xdc src/CPU3.o
 .text.stdio_serial_init
                0x00081c30       0x68 src/CPU3.o
 .text.UART_Handler
                0x00081c98       0xd0 src/CPU3.o
                0x00081c98                UART_Handler
 .text.main     0x00081d68      0x564 src/CPU3.o
                0x00081d68                main
 .text.start_acidpump
                0x000822cc       0xac src/CPU3.o
                0x000822cc                start_acidpump
 .text.start_bicarpump
                0x00082378       0xa0 src/CPU3.o
                0x00082378                start_bicarpump
 .text.stop_pump
                0x00082418       0x24 src/CPU3.o
                0x00082418                stop_pump
 .text.osc_enable
                0x0008243c       0x88 src/ASF/common/services/clock/sam3x/sysclk.o
 .text.osc_is_ready
                0x000824c4       0x70 src/ASF/common/services/clock/sam3x/sysclk.o
 .text.osc_get_rate
                0x00082534       0x74 src/ASF/common/services/clock/sam3x/sysclk.o
 .text.osc_wait_ready
                0x000825a8       0x2c src/ASF/common/services/clock/sam3x/sysclk.o
 .text.pll_config_init
                0x000825d4       0x6c src/ASF/common/services/clock/sam3x/sysclk.o
 .text.pll_enable
                0x00082640       0x40 src/ASF/common/services/clock/sam3x/sysclk.o
 .text.pll_is_locked
                0x00082680       0x2c src/ASF/common/services/clock/sam3x/sysclk.o
 .text.pll_enable_source
                0x000826ac       0x38 src/ASF/common/services/clock/sam3x/sysclk.o
 .text.pll_wait_for_lock
                0x000826e4       0x24 src/ASF/common/services/clock/sam3x/sysclk.o
 .text.sysclk_get_main_hz
                0x00082708       0x1c src/ASF/common/services/clock/sam3x/sysclk.o
 .text.sysclk_get_cpu_hz
                0x00082724       0x14 src/ASF/common/services/clock/sam3x/sysclk.o
 .text.sysclk_init
                0x00082738       0x68 src/ASF/common/services/clock/sam3x/sysclk.o
                0x00082738                sysclk_init
 .text.sysclk_enable_peripheral_clock
                0x000827a0       0x1c src/ASF/sam/boards/arduino_due_x/init.o
 .text.ioport_init
                0x000827bc       0x24 src/ASF/sam/boards/arduino_due_x/init.o
 .text.board_init
                0x000827e0       0x80 src/ASF/sam/boards/arduino_due_x/init.o
                0x000827e0                board_init
 .text.pio_pull_up
                0x00082860       0x2c src/ASF/sam/drivers/pio/pio.o
                0x00082860                pio_pull_up
 .text.pio_set_peripheral
                0x0008288c       0x80 src/ASF/sam/drivers/pio/pio.o
                0x0008288c                pio_set_peripheral
 .text.pio_set_input
                0x0008290c       0x80 src/ASF/sam/drivers/pio/pio.o
                0x0008290c                pio_set_input
 .text.pio_set_output
                0x0008298c       0x64 src/ASF/sam/drivers/pio/pio.o
                0x0008298c                pio_set_output
 .text.pio_disable_interrupt
                0x000829f0       0x1c src/ASF/sam/drivers/pio/pio.o
                0x000829f0                pio_disable_interrupt
 .text.pio_get_interrupt_status
                0x00082a0c       0x18 src/ASF/sam/drivers/pio/pio.o
                0x00082a0c                pio_get_interrupt_status
 .text.pio_get_interrupt_mask
                0x00082a24       0x18 src/ASF/sam/drivers/pio/pio.o
                0x00082a24                pio_get_interrupt_mask
 .text.pio_configure_pin
                0x00082a3c      0x13c src/ASF/sam/drivers/pio/pio.o
                0x00082a3c                pio_configure_pin
 .text.pio_configure_pin_group
                0x00082b78       0xe4 src/ASF/sam/drivers/pio/pio.o
                0x00082b78                pio_configure_pin_group
 .text.pio_handler_process
                0x00082c5c       0xac src/ASF/sam/drivers/pio/pio_handler.o
                0x00082c5c                pio_handler_process
 .text.PIOA_Handler
                0x00082d08       0x18 src/ASF/sam/drivers/pio/pio_handler.o
                0x00082d08                PIOA_Handler
 .text.PIOB_Handler
                0x00082d20       0x18 src/ASF/sam/drivers/pio/pio_handler.o
                0x00082d20                PIOB_Handler
 .text.PIOC_Handler
                0x00082d38       0x18 src/ASF/sam/drivers/pio/pio_handler.o
                0x00082d38                PIOC_Handler
 .text.PIOD_Handler
                0x00082d50       0x18 src/ASF/sam/drivers/pio/pio_handler.o
                0x00082d50                PIOD_Handler
 .text.pmc_switch_mck_to_pllack
                0x00082d68       0x80 src/ASF/sam/drivers/pmc/pmc.o
                0x00082d68                pmc_switch_mck_to_pllack
 .text.pmc_switch_sclk_to_32kxtal
                0x00082de8       0x38 src/ASF/sam/drivers/pmc/pmc.o
                0x00082de8                pmc_switch_sclk_to_32kxtal
 .text.pmc_osc_is_ready_32kxtal
                0x00082e20       0x34 src/ASF/sam/drivers/pmc/pmc.o
                0x00082e20                pmc_osc_is_ready_32kxtal
 .text.pmc_switch_mainck_to_fastrc
                0x00082e54       0xa0 src/ASF/sam/drivers/pmc/pmc.o
                0x00082e54                pmc_switch_mainck_to_fastrc
 .text.pmc_switch_mainck_to_xtal
                0x00082ef4       0x78 src/ASF/sam/drivers/pmc/pmc.o
                0x00082ef4                pmc_switch_mainck_to_xtal
 .text.pmc_osc_is_ready_mainck
                0x00082f6c       0x18 src/ASF/sam/drivers/pmc/pmc.o
                0x00082f6c                pmc_osc_is_ready_mainck
 .text.pmc_disable_pllack
                0x00082f84       0x18 src/ASF/sam/drivers/pmc/pmc.o
                0x00082f84                pmc_disable_pllack
 .text.pmc_is_locked_pllack
                0x00082f9c       0x18 src/ASF/sam/drivers/pmc/pmc.o
                0x00082f9c                pmc_is_locked_pllack
 .text.pmc_is_locked_upll
                0x00082fb4       0x18 src/ASF/sam/drivers/pmc/pmc.o
                0x00082fb4                pmc_is_locked_upll
 .text.pmc_enable_periph_clk
                0x00082fcc       0x80 src/ASF/sam/drivers/pmc/pmc.o
                0x00082fcc                pmc_enable_periph_clk
 .text.pmc_set_writeprotect
                0x0008304c       0x38 src/ASF/sam/drivers/pmc/pmc.o
                0x0008304c                pmc_set_writeprotect
 .text.Dummy_Handler
                0x00083084        0x8 src/ASF/sam/utils/cmsis/sam3x/source/templates/exceptions.o
                0x00083084                DACC_Handler
                0x00083084                DebugMon_Handler
                0x00083084                DMAC_Handler
                0x00083084                TRNG_Handler
                0x00083084                HardFault_Handler
                0x00083084                SysTick_Handler
                0x00083084                USART3_Handler
                0x00083084                TWI1_Handler
                0x00083084                PendSV_Handler
                0x00083084                NMI_Handler
                0x00083084                TC7_Handler
                0x00083084                ADC_Handler
                0x00083084                SMC_Handler
                0x00083084                USART0_Handler
                0x00083084                RTT_Handler
                0x00083084                EFC1_Handler
                0x00083084                RTC_Handler
                0x00083084                UsageFault_Handler
                0x00083084                WDT_Handler
                0x00083084                TC4_Handler
                0x00083084                HSMCI_Handler
                0x00083084                Dummy_Handler
                0x00083084                TWI0_Handler
                0x00083084                USART1_Handler
                0x00083084                SSC_Handler
                0x00083084                EFC0_Handler
                0x00083084                PMC_Handler
                0x00083084                PWM_Handler
                0x00083084                CAN1_Handler
                0x00083084                MemManage_Handler
                0x00083084                SUPC_Handler
                0x00083084                SVC_Handler
                0x00083084                TC8_Handler
                0x00083084                USART2_Handler
                0x00083084                EMAC_Handler
                0x00083084                BusFault_Handler
                0x00083084                RSTC_Handler
                0x00083084                TC5_Handler
                0x00083084                UOTGHS_Handler
                0x00083084                SPI0_Handler
 .text.Reset_Handler
                0x0008308c       0xa8 src/ASF/sam/utils/cmsis/sam3x/source/templates/gcc/startup_sam3x.o
                0x0008308c                Reset_Handler
 .text.SystemCoreClockUpdate
                0x00083134      0x184 src/ASF/sam/utils/cmsis/sam3x/source/templates/system_sam3x.o
                0x00083134                SystemCoreClockUpdate
 .text.system_init_flash
                0x000832b8       0xbc src/ASF/sam/utils/cmsis/sam3x/source/templates/system_sam3x.o
                0x000832b8                system_init_flash
 .text._sbrk    0x00083374       0x3c src/ASF/sam/utils/syscalls/gcc/syscalls.o
                0x00083374                _sbrk
 .text._close   0x000833b0       0x18 src/ASF/sam/utils/syscalls/gcc/syscalls.o
                0x000833b0                _close
 .text._fstat   0x000833c8       0x20 src/ASF/sam/utils/syscalls/gcc/syscalls.o
                0x000833c8                _fstat
 .text._isatty  0x000833e8       0x14 src/ASF/sam/utils/syscalls/gcc/syscalls.o
                0x000833e8                _isatty
 .text._lseek   0x000833fc       0x18 src/ASF/sam/utils/syscalls/gcc/syscalls.o
                0x000833fc                _lseek
 .text          0x00083414      0x370 c:/program files (x86)/atmel/studio/7.0/toolchain/arm/arm-gnu-toolchain/bin/../lib/gcc/arm-none-eabi/5.3.1/armv7-m\libgcc.a(_arm_addsubdf3.o)
                0x00083414                __aeabi_drsub
                0x0008341c                __aeabi_dsub
                0x0008341c                __subdf3
                0x00083420                __aeabi_dadd
                0x00083420                __adddf3
                0x00083698                __floatunsidf
                0x00083698                __aeabi_ui2d
                0x000836b8                __floatsidf
                0x000836b8                __aeabi_i2d
                0x000836dc                __aeabi_f2d
                0x000836dc                __extendsfdf2
                0x00083718                __floatundidf
                0x00083718                __aeabi_ul2d
                0x00083728                __floatdidf
                0x00083728                __aeabi_l2d
 .text          0x00083784       0x40 c:/program files (x86)/atmel/studio/7.0/toolchain/arm/arm-gnu-toolchain/bin/../lib/gcc/arm-none-eabi/5.3.1/armv7-m\libgcc.a(_arm_fixunsdfsi.o)
                0x00083784                __aeabi_d2uiz
                0x00083784                __fixunsdfsi
 .text.__libc_init_array
                0x000837c4       0x50 c:/program files (x86)/atmel/studio/7.0/toolchain/arm/arm-gnu-toolchain/bin/../lib/gcc/arm-none-eabi/5.3.1/../../../../arm-none-eabi/lib/armv7-m\libc.a(lib_a-init.o)
                0x000837c4                __libc_init_array
 .text.iprintf  0x00083814       0x28 c:/program files (x86)/atmel/studio/7.0/toolchain/arm/arm-gnu-toolchain/bin/../lib/gcc/arm-none-eabi/5.3.1/../../../../arm-none-eabi/lib/armv7-m\libc.a(lib_a-iprintf.o)
                0x00083814                iprintf
 .text.memset   0x0008383c       0x9c c:/program files (x86)/atmel/studio/7.0/toolchain/arm/arm-gnu-toolchain/bin/../lib/gcc/arm-none-eabi/5.3.1/../../../../arm-none-eabi/lib/armv7-m\libc.a(lib_a-memset.o)
                0x0008383c                memset
 .text.setbuf   0x000838d8       0x10 c:/program files (x86)/atmel/studio/7.0/toolchain/arm/arm-gnu-toolchain/bin/../lib/gcc/arm-none-eabi/5.3.1/../../../../arm-none-eabi/lib/armv7-m\libc.a(lib_a-setbuf.o)
                0x000838d8                setbuf
 .text.setvbuf  0x000838e8      0x150 c:/program files (x86)/atmel/studio/7.0/toolchain/arm/arm-gnu-toolchain/bin/../lib/gcc/arm-none-eabi/5.3.1/../../../../arm-none-eabi/lib/armv7-m\libc.a(lib_a-setvbuf.o)
                0x000838e8                setvbuf
 .text.strlen   0x00083a38       0x5c c:/program files (x86)/atmel/studio/7.0/toolchain/arm/arm-gnu-toolchain/bin/../lib/gcc/arm-none-eabi/5.3.1/../../../../arm-none-eabi/lib/armv7-m\libc.a(lib_a-strlen-stub.o)
                0x00083a38                strlen
 .text.__sprint_r.part.0
                0x00083a94       0x78 c:/program files (x86)/atmel/studio/7.0/toolchain/arm/arm-gnu-toolchain/bin/../lib/gcc/arm-none-eabi/5.3.1/../../../../arm-none-eabi/lib/armv7-m\libc.a(lib_a-vfiprintf.o)
 .text._vfiprintf_r
                0x00083b0c      0xde8 c:/program files (x86)/atmel/studio/7.0/toolchain/arm/arm-gnu-toolchain/bin/../lib/gcc/arm-none-eabi/5.3.1/../../../../arm-none-eabi/lib/armv7-m\libc.a(lib_a-vfiprintf.o)
                0x00083b0c                _vfiprintf_r
 .text.__sbprintf
                0x000848f4       0x6c c:/program files (x86)/atmel/studio/7.0/toolchain/arm/arm-gnu-toolchain/bin/../lib/gcc/arm-none-eabi/5.3.1/../../../../arm-none-eabi/lib/armv7-m\libc.a(lib_a-vfiprintf.o)
 .text.__swsetup_r
                0x00084960       0xc8 c:/program files (x86)/atmel/studio/7.0/toolchain/arm/arm-gnu-toolchain/bin/../lib/gcc/arm-none-eabi/5.3.1/../../../../arm-none-eabi/lib/armv7-m\libc.a(lib_a-wsetup.o)
                0x00084960                __swsetup_r
 .text.startup.register_fini
                0x00084a28       0x14 c:/program files (x86)/atmel/studio/7.0/toolchain/arm/arm-gnu-toolchain/bin/../lib/gcc/arm-none-eabi/5.3.1/../../../../arm-none-eabi/lib/armv7-m\libc.a(lib_a-__call_atexit.o)
 .text.atexit   0x00084a3c        0xc c:/program files (x86)/atmel/studio/7.0/toolchain/arm/arm-gnu-toolchain/bin/../lib/gcc/arm-none-eabi/5.3.1/../../../../arm-none-eabi/lib/armv7-m\libc.a(lib_a-atexit.o)
                0x00084a3c                atexit
 .text.__sflush_r
                0x00084a48      0x148 c:/program files (x86)/atmel/studio/7.0/toolchain/arm/arm-gnu-toolchain/bin/../lib/gcc/arm-none-eabi/5.3.1/../../../../arm-none-eabi/lib/armv7-m\libc.a(lib_a-fflush.o)
                0x00084a48                __sflush_r
 .text._fflush_r
                0x00084b90       0x2c c:/program files (x86)/atmel/studio/7.0/toolchain/arm/arm-gnu-toolchain/bin/../lib/gcc/arm-none-eabi/5.3.1/../../../../arm-none-eabi/lib/armv7-m\libc.a(lib_a-fflush.o)
                0x00084b90                _fflush_r
 .text._cleanup_r
                0x00084bbc        0xc c:/program files (x86)/atmel/studio/7.0/toolchain/arm/arm-gnu-toolchain/bin/../lib/gcc/arm-none-eabi/5.3.1/../../../../arm-none-eabi/lib/armv7-m\libc.a(lib_a-findfp.o)
                0x00084bbc                _cleanup_r
 .text.__sinit.part.1
                0x00084bc8       0xf0 c:/program files (x86)/atmel/studio/7.0/toolchain/arm/arm-gnu-toolchain/bin/../lib/gcc/arm-none-eabi/5.3.1/../../../../arm-none-eabi/lib/armv7-m\libc.a(lib_a-findfp.o)
 .text.__sinit  0x00084cb8        0xc c:/program files (x86)/atmel/studio/7.0/toolchain/arm/arm-gnu-toolchain/bin/../lib/gcc/arm-none-eabi/5.3.1/../../../../arm-none-eabi/lib/armv7-m\libc.a(lib_a-findfp.o)
                0x00084cb8                __sinit
 .text.__sfp_lock_acquire
                0x00084cc4        0x4 c:/program files (x86)/atmel/studio/7.0/toolchain/arm/arm-gnu-toolchain/bin/../lib/gcc/arm-none-eabi/5.3.1/../../../../arm-none-eabi/lib/armv7-m\libc.a(lib_a-findfp.o)
                0x00084cc4                __sfp_lock_acquire
 .text.__sfp_lock_release
                0x00084cc8        0x4 c:/program files (x86)/atmel/studio/7.0/toolchain/arm/arm-gnu-toolchain/bin/../lib/gcc/arm-none-eabi/5.3.1/../../../../arm-none-eabi/lib/armv7-m\libc.a(lib_a-findfp.o)
                0x00084cc8                __sfp_lock_release
 .text.__libc_fini_array
                0x00084ccc       0x28 c:/program files (x86)/atmel/studio/7.0/toolchain/arm/arm-gnu-toolchain/bin/../lib/gcc/arm-none-eabi/5.3.1/../../../../arm-none-eabi/lib/armv7-m\libc.a(lib_a-fini.o)
                0x00084ccc                __libc_fini_array
 .text.__fputwc
                0x00084cf4       0x94 c:/program files (x86)/atmel/studio/7.0/toolchain/arm/arm-gnu-toolchain/bin/../lib/gcc/arm-none-eabi/5.3.1/../../../../arm-none-eabi/lib/armv7-m\libc.a(lib_a-fputwc.o)
                0x00084cf4                __fputwc
 .text._fputwc_r
                0x00084d88       0x24 c:/program files (x86)/atmel/studio/7.0/toolchain/arm/arm-gnu-toolchain/bin/../lib/gcc/arm-none-eabi/5.3.1/../../../../arm-none-eabi/lib/armv7-m\libc.a(lib_a-fputwc.o)
                0x00084d88                _fputwc_r
 .text._malloc_trim_r
                0x00084dac       0x9c c:/program files (x86)/atmel/studio/7.0/toolchain/arm/arm-gnu-toolchain/bin/../lib/gcc/arm-none-eabi/5.3.1/../../../../arm-none-eabi/lib/armv7-m\libc.a(lib_a-freer.o)
                0x00084dac                _malloc_trim_r
 .text._free_r  0x00084e48      0x1d0 c:/program files (x86)/atmel/studio/7.0/toolchain/arm/arm-gnu-toolchain/bin/../lib/gcc/arm-none-eabi/5.3.1/../../../../arm-none-eabi/lib/armv7-m\libc.a(lib_a-freer.o)
                0x00084e48                _free_r
 .text.__sfvwrite_r
                0x00085018      0x308 c:/program files (x86)/atmel/studio/7.0/toolchain/arm/arm-gnu-toolchain/bin/../lib/gcc/arm-none-eabi/5.3.1/../../../../arm-none-eabi/lib/armv7-m\libc.a(lib_a-fvwrite.o)
                0x00085018                __sfvwrite_r
 .text._fwalk_reent
                0x00085320       0x50 c:/program files (x86)/atmel/studio/7.0/toolchain/arm/arm-gnu-toolchain/bin/../lib/gcc/arm-none-eabi/5.3.1/../../../../arm-none-eabi/lib/armv7-m\libc.a(lib_a-fwalk.o)
                0x00085320                _fwalk_reent
 .text.__locale_charset
                0x00085370        0x8 c:/program files (x86)/atmel/studio/7.0/toolchain/arm/arm-gnu-toolchain/bin/../lib/gcc/arm-none-eabi/5.3.1/../../../../arm-none-eabi/lib/armv7-m\libc.a(lib_a-locale.o)
                0x00085370                __locale_charset
 .text.__locale_mb_cur_max
                0x00085378        0xc c:/program files (x86)/atmel/studio/7.0/toolchain/arm/arm-gnu-toolchain/bin/../lib/gcc/arm-none-eabi/5.3.1/../../../../arm-none-eabi/lib/armv7-m\libc.a(lib_a-locale.o)
                0x00085378                __locale_mb_cur_max
 .text.__swhatbuf_r
                0x00085384       0x60 c:/program files (x86)/atmel/studio/7.0/toolchain/arm/arm-gnu-toolchain/bin/../lib/gcc/arm-none-eabi/5.3.1/../../../../arm-none-eabi/lib/armv7-m\libc.a(lib_a-makebuf.o)
                0x00085384                __swhatbuf_r
 .text.__smakebuf_r
                0x000853e4       0x88 c:/program files (x86)/atmel/studio/7.0/toolchain/arm/arm-gnu-toolchain/bin/../lib/gcc/arm-none-eabi/5.3.1/../../../../arm-none-eabi/lib/armv7-m\libc.a(lib_a-makebuf.o)
                0x000853e4                __smakebuf_r
 .text.malloc   0x0008546c       0x10 c:/program files (x86)/atmel/studio/7.0/toolchain/arm/arm-gnu-toolchain/bin/../lib/gcc/arm-none-eabi/5.3.1/../../../../arm-none-eabi/lib/armv7-m\libc.a(lib_a-malloc.o)
                0x0008546c                malloc
 .text._malloc_r
                0x0008547c      0x558 c:/program files (x86)/atmel/studio/7.0/toolchain/arm/arm-gnu-toolchain/bin/../lib/gcc/arm-none-eabi/5.3.1/../../../../arm-none-eabi/lib/armv7-m\libc.a(lib_a-mallocr.o)
                0x0008547c                _malloc_r
 .text.memchr   0x000859d4       0x8c c:/program files (x86)/atmel/studio/7.0/toolchain/arm/arm-gnu-toolchain/bin/../lib/gcc/arm-none-eabi/5.3.1/../../../../arm-none-eabi/lib/armv7-m\libc.a(lib_a-memchr-stub.o)
                0x000859d4                memchr
 .text          0x00085a60       0xec c:/program files (x86)/atmel/studio/7.0/toolchain/arm/arm-gnu-toolchain/bin/../lib/gcc/arm-none-eabi/5.3.1/../../../../arm-none-eabi/lib/armv7-m\libc.a(lib_a-memcpy.o)
                0x00085a60                memcpy
 .text.memmove  0x00085b4c       0xc8 c:/program files (x86)/atmel/studio/7.0/toolchain/arm/arm-gnu-toolchain/bin/../lib/gcc/arm-none-eabi/5.3.1/../../../../arm-none-eabi/lib/armv7-m\libc.a(lib_a-memmove.o)
                0x00085b4c                memmove
 .text.__malloc_lock
                0x00085c14        0x4 c:/program files (x86)/atmel/studio/7.0/toolchain/arm/arm-gnu-toolchain/bin/../lib/gcc/arm-none-eabi/5.3.1/../../../../arm-none-eabi/lib/armv7-m\libc.a(lib_a-mlock.o)
                0x00085c14                __malloc_lock
 .text.__malloc_unlock
                0x00085c18        0x4 c:/program files (x86)/atmel/studio/7.0/toolchain/arm/arm-gnu-toolchain/bin/../lib/gcc/arm-none-eabi/5.3.1/../../../../arm-none-eabi/lib/armv7-m\libc.a(lib_a-mlock.o)
                0x00085c18                __malloc_unlock
 .text._realloc_r
                0x00085c1c      0x3d4 c:/program files (x86)/atmel/studio/7.0/toolchain/arm/arm-gnu-toolchain/bin/../lib/gcc/arm-none-eabi/5.3.1/../../../../arm-none-eabi/lib/armv7-m\libc.a(lib_a-reallocr.o)
                0x00085c1c                _realloc_r
 .text._sbrk_r  0x00085ff0       0x24 c:/program files (x86)/atmel/studio/7.0/toolchain/arm/arm-gnu-toolchain/bin/../lib/gcc/arm-none-eabi/5.3.1/../../../../arm-none-eabi/lib/armv7-m\libc.a(lib_a-sbrkr.o)
                0x00085ff0                _sbrk_r
 .text.__sread  0x00086014       0x24 c:/program files (x86)/atmel/studio/7.0/toolchain/arm/arm-gnu-toolchain/bin/../lib/gcc/arm-none-eabi/5.3.1/../../../../arm-none-eabi/lib/armv7-m\libc.a(lib_a-stdio.o)
                0x00086014                __sread
 .text.__swrite
                0x00086038       0x3c c:/program files (x86)/atmel/studio/7.0/toolchain/arm/arm-gnu-toolchain/bin/../lib/gcc/arm-none-eabi/5.3.1/../../../../arm-none-eabi/lib/armv7-m\libc.a(lib_a-stdio.o)
                0x00086038                __swrite
 .text.__sseek  0x00086074       0x20 c:/program files (x86)/atmel/studio/7.0/toolchain/arm/arm-gnu-toolchain/bin/../lib/gcc/arm-none-eabi/5.3.1/../../../../arm-none-eabi/lib/armv7-m\libc.a(lib_a-stdio.o)
                0x00086074                __sseek
 .text.__sclose
                0x00086094        0x8 c:/program files (x86)/atmel/studio/7.0/toolchain/arm/arm-gnu-toolchain/bin/../lib/gcc/arm-none-eabi/5.3.1/../../../../arm-none-eabi/lib/armv7-m\libc.a(lib_a-stdio.o)
                0x00086094                __sclose
 .text.__swbuf_r
                0x0008609c       0xac c:/program files (x86)/atmel/studio/7.0/toolchain/arm/arm-gnu-toolchain/bin/../lib/gcc/arm-none-eabi/5.3.1/../../../../arm-none-eabi/lib/armv7-m\libc.a(lib_a-wbuf.o)
                0x0008609c                __swbuf_r
 .text._wcrtomb_r
                0x00086148       0x54 c:/program files (x86)/atmel/studio/7.0/toolchain/arm/arm-gnu-toolchain/bin/../lib/gcc/arm-none-eabi/5.3.1/../../../../arm-none-eabi/lib/armv7-m\libc.a(lib_a-wcrtomb.o)
                0x00086148                _wcrtomb_r
 .text.__ascii_wctomb
                0x0008619c       0x1c c:/program files (x86)/atmel/studio/7.0/toolchain/arm/arm-gnu-toolchain/bin/../lib/gcc/arm-none-eabi/5.3.1/../../../../arm-none-eabi/lib/armv7-m\libc.a(lib_a-wctomb_r.o)
                0x0008619c                __ascii_wctomb
 .text._write_r
                0x000861b8       0x2c c:/program files (x86)/atmel/studio/7.0/toolchain/arm/arm-gnu-toolchain/bin/../lib/gcc/arm-none-eabi/5.3.1/../../../../arm-none-eabi/lib/armv7-m\libc.a(lib_a-writer.o)
                0x000861b8                _write_r
 .text.__register_exitproc
                0x000861e4       0xa4 c:/program files (x86)/atmel/studio/7.0/toolchain/arm/arm-gnu-toolchain/bin/../lib/gcc/arm-none-eabi/5.3.1/../../../../arm-none-eabi/lib/armv7-m\libc.a(lib_a-__atexit.o)
                0x000861e4                __register_exitproc
 .text._close_r
                0x00086288       0x24 c:/program files (x86)/atmel/studio/7.0/toolchain/arm/arm-gnu-toolchain/bin/../lib/gcc/arm-none-eabi/5.3.1/../../../../arm-none-eabi/lib/armv7-m\libc.a(lib_a-closer.o)
                0x00086288                _close_r
 .text._fclose_r
                0x000862ac       0x84 c:/program files (x86)/atmel/studio/7.0/toolchain/arm/arm-gnu-toolchain/bin/../lib/gcc/arm-none-eabi/5.3.1/../../../../arm-none-eabi/lib/armv7-m\libc.a(lib_a-fclose.o)
                0x000862ac                _fclose_r
 .text._fstat_r
                0x00086330       0x28 c:/program files (x86)/atmel/studio/7.0/toolchain/arm/arm-gnu-toolchain/bin/../lib/gcc/arm-none-eabi/5.3.1/../../../../arm-none-eabi/lib/armv7-m\libc.a(lib_a-fstatr.o)
                0x00086330                _fstat_r
 .text._isatty_r
                0x00086358       0x24 c:/program files (x86)/atmel/studio/7.0/toolchain/arm/arm-gnu-toolchain/bin/../lib/gcc/arm-none-eabi/5.3.1/../../../../arm-none-eabi/lib/armv7-m\libc.a(lib_a-isattyr.o)
                0x00086358                _isatty_r
 .text._lseek_r
                0x0008637c       0x2c c:/program files (x86)/atmel/studio/7.0/toolchain/arm/arm-gnu-toolchain/bin/../lib/gcc/arm-none-eabi/5.3.1/../../../../arm-none-eabi/lib/armv7-m\libc.a(lib_a-lseekr.o)
                0x0008637c                _lseek_r
 .text._read_r  0x000863a8       0x2c c:/program files (x86)/atmel/studio/7.0/toolchain/arm/arm-gnu-toolchain/bin/../lib/gcc/arm-none-eabi/5.3.1/../../../../arm-none-eabi/lib/armv7-m\libc.a(lib_a-readr.o)
                0x000863a8                _read_r
 .text          0x000863d4       0x30 c:/program files (x86)/atmel/studio/7.0/toolchain/arm/arm-gnu-toolchain/bin/../lib/gcc/arm-none-eabi/5.3.1/armv7-m\libgcc.a(_aeabi_uldivmod.o)
                0x000863d4                __aeabi_uldivmod
 .text          0x00086404      0x2ec c:/program files (x86)/atmel/studio/7.0/toolchain/arm/arm-gnu-toolchain/bin/../lib/gcc/arm-none-eabi/5.3.1/armv7-m\libgcc.a(_udivmoddi4.o)
                0x00086404                __udivmoddi4
 .text          0x000866f0        0x4 c:/program files (x86)/atmel/studio/7.0/toolchain/arm/arm-gnu-toolchain/bin/../lib/gcc/arm-none-eabi/5.3.1/armv7-m\libgcc.a(_dvmd_tls.o)
                0x000866f0                __aeabi_idiv0
                0x000866f0                __aeabi_ldiv0
 *(.glue_7t)
 .glue_7t       0x000866f4        0x0 linker stubs
 *(.glue_7)
 .glue_7        0x000866f4        0x0 linker stubs
 *(.rodata .rodata* .gnu.linkonce.r.*)
 .rodata.can_bit_time
                0x000866f4       0x6c src/Platform/Driver/DD_CAN/D_CAN.o
                0x000866f4                can_bit_time
 .rodata.uart_serial_options
                0x00086760       0x10 src/CPU3.o
                0x00086760                uart_serial_options
 .rodata        0x00086770       0x11 src/CPU3.o
 *fill*         0x00086781        0x3 
 .rodata.str1.4
                0x00086784        0x2 c:/program files (x86)/atmel/studio/7.0/toolchain/arm/arm-gnu-toolchain/bin/../lib/gcc/arm-none-eabi/5.3.1/../../../../arm-none-eabi/lib/armv7-m\libc.a(lib_a-impure.o)
 *fill*         0x00086786        0x2 
 .rodata._global_impure_ptr
                0x00086788        0x4 c:/program files (x86)/atmel/studio/7.0/toolchain/arm/arm-gnu-toolchain/bin/../lib/gcc/arm-none-eabi/5.3.1/../../../../arm-none-eabi/lib/armv7-m\libc.a(lib_a-impure.o)
                0x00086788                _global_impure_ptr
 .rodata.zeroes.6993
                0x0008678c       0x10 c:/program files (x86)/atmel/studio/7.0/toolchain/arm/arm-gnu-toolchain/bin/../lib/gcc/arm-none-eabi/5.3.1/../../../../arm-none-eabi/lib/armv7-m\libc.a(lib_a-vfiprintf.o)
 .rodata.str1.4
                0x0008679c       0x30 c:/program files (x86)/atmel/studio/7.0/toolchain/arm/arm-gnu-toolchain/bin/../lib/gcc/arm-none-eabi/5.3.1/../../../../arm-none-eabi/lib/armv7-m\libc.a(lib_a-vfiprintf.o)
                                 0x2f (size before relaxing)
 .rodata.blanks.6992
                0x000867cc       0x10 c:/program files (x86)/atmel/studio/7.0/toolchain/arm/arm-gnu-toolchain/bin/../lib/gcc/arm-none-eabi/5.3.1/../../../../arm-none-eabi/lib/armv7-m\libc.a(lib_a-vfiprintf.o)
 *(.ARM.extab* .gnu.linkonce.armextab.*)
                0x000867dc                . = ALIGN (0x4)
 *(.init)
 .init          0x000867dc        0x4 c:/program files (x86)/atmel/studio/7.0/toolchain/arm/arm-gnu-toolchain/bin/../lib/gcc/arm-none-eabi/5.3.1/armv7-m/crti.o
                0x000867dc                _init
 .init          0x000867e0        0x8 c:/program files (x86)/atmel/studio/7.0/toolchain/arm/arm-gnu-toolchain/bin/../lib/gcc/arm-none-eabi/5.3.1/armv7-m/crtn.o
                0x000867e8                . = ALIGN (0x4)
                0x000867e8                __preinit_array_start = .
 *(.preinit_array)
                0x000867e8                __preinit_array_end = .
                0x000867e8                . = ALIGN (0x4)
                0x000867e8                __init_array_start = .
 *(SORT(.init_array.*))
 .init_array.00000
                0x000867e8        0x4 c:/program files (x86)/atmel/studio/7.0/toolchain/arm/arm-gnu-toolchain/bin/../lib/gcc/arm-none-eabi/5.3.1/../../../../arm-none-eabi/lib/armv7-m\libc.a(lib_a-__call_atexit.o)
 *(.init_array)
 .init_array    0x000867ec        0x4 c:/program files (x86)/atmel/studio/7.0/toolchain/arm/arm-gnu-toolchain/bin/../lib/gcc/arm-none-eabi/5.3.1/armv7-m/crtbegin.o
                0x000867f0                __init_array_end = .
                0x000867f0                . = ALIGN (0x4)
 *crtbegin.o(.ctors)
 *(EXCLUDE_FILE(*crtend.o) .ctors)
 *(SORT(.ctors.*))
 *crtend.o(.ctors)
                0x000867f0                . = ALIGN (0x4)
 *(.fini)
 .fini          0x000867f0        0x4 c:/program files (x86)/atmel/studio/7.0/toolchain/arm/arm-gnu-toolchain/bin/../lib/gcc/arm-none-eabi/5.3.1/armv7-m/crti.o
                0x000867f0                _fini
 .fini          0x000867f4        0x8 c:/program files (x86)/atmel/studio/7.0/toolchain/arm/arm-gnu-toolchain/bin/../lib/gcc/arm-none-eabi/5.3.1/armv7-m/crtn.o
                0x000867fc                . = ALIGN (0x4)
                0x000867fc                __fini_array_start = .
 *(.fini_array)
 .fini_array    0x000867fc        0x4 c:/program files (x86)/atmel/studio/7.0/toolchain/arm/arm-gnu-toolchain/bin/../lib/gcc/arm-none-eabi/5.3.1/armv7-m/crtbegin.o
 *(SORT(.fini_array.*))
                0x00086800                __fini_array_end = .
 *crtbegin.o(.dtors)
 *(EXCLUDE_FILE(*crtend.o) .dtors)
 *(SORT(.dtors.*))
 *crtend.o(.dtors)
                0x00086800                . = ALIGN (0x4)
                0x00086800                _efixed = .
                [!provide]                PROVIDE (__exidx_start, .)

.vfp11_veneer   0x00086800        0x0
 .vfp11_veneer  0x00086800        0x0 linker stubs

.v4_bx          0x00086800        0x0
 .v4_bx         0x00086800        0x0 linker stubs

.iplt           0x00086800        0x0
 .iplt          0x00086800        0x0 c:/program files (x86)/atmel/studio/7.0/toolchain/arm/arm-gnu-toolchain/bin/../lib/gcc/arm-none-eabi/5.3.1/armv7-m/crtbegin.o

.ARM.exidx      0x00086800        0x8
 *(.ARM.exidx* .gnu.linkonce.armexidx.*)
 .ARM.exidx     0x00086800        0x8 c:/program files (x86)/atmel/studio/7.0/toolchain/arm/arm-gnu-toolchain/bin/../lib/gcc/arm-none-eabi/5.3.1/armv7-m\libgcc.a(_udivmoddi4.o)
                [!provide]                PROVIDE (__exidx_end, .)

.eh_frame       0x00086808        0x0
 .eh_frame      0x00086808        0x0 c:/program files (x86)/atmel/studio/7.0/toolchain/arm/arm-gnu-toolchain/bin/../lib/gcc/arm-none-eabi/5.3.1/armv7-m/crtbegin.o

.rel.dyn        0x00086808        0x0
 .rel.iplt      0x00086808        0x0 c:/program files (x86)/atmel/studio/7.0/toolchain/arm/arm-gnu-toolchain/bin/../lib/gcc/arm-none-eabi/5.3.1/armv7-m/crtbegin.o

.jcr            0x00086808        0x0
 .jcr           0x00086808        0x0 c:/program files (x86)/atmel/studio/7.0/toolchain/arm/arm-gnu-toolchain/bin/../lib/gcc/arm-none-eabi/5.3.1/armv7-m/crtbegin.o

.igot.plt       0x00086808        0x0
 .igot.plt      0x00086808        0x0 c:/program files (x86)/atmel/studio/7.0/toolchain/arm/arm-gnu-toolchain/bin/../lib/gcc/arm-none-eabi/5.3.1/armv7-m/crtbegin.o
                0x00086808                . = ALIGN (0x4)
                0x00086808                _etext = .

.relocate       0x20070000      0xc6c load address 0x00086808
                0x20070000                . = ALIGN (0x4)
                0x20070000                _srelocate = .
 *(.ramfunc .ramfunc.*)
 *(.data .data.*)
 .data.array_acid
                0x20070000      0x200 src/Platform/Driver/HANDLER/D_HANDLER.o
                0x20070000                array_acid
 .data.array_bicar
                0x20070200      0x200 src/Platform/Driver/HANDLER/D_HANDLER.o
                0x20070200                array_bicar
 .data.state_3  0x20070400        0x1 src/CPU3.o
                0x20070400                state_3
 *fill*         0x20070401        0x3 
 .data.SystemCoreClock
                0x20070404        0x4 src/ASF/sam/utils/cmsis/sam3x/source/templates/system_sam3x.o
                0x20070404                SystemCoreClock
 .data.impure_data
                0x20070408      0x428 c:/program files (x86)/atmel/studio/7.0/toolchain/arm/arm-gnu-toolchain/bin/../lib/gcc/arm-none-eabi/5.3.1/../../../../arm-none-eabi/lib/armv7-m\libc.a(lib_a-impure.o)
 .data._impure_ptr
                0x20070830        0x4 c:/program files (x86)/atmel/studio/7.0/toolchain/arm/arm-gnu-toolchain/bin/../lib/gcc/arm-none-eabi/5.3.1/../../../../arm-none-eabi/lib/armv7-m\libc.a(lib_a-impure.o)
                0x20070830                _impure_ptr
 .data.lc_ctype_charset
                0x20070834       0x20 c:/program files (x86)/atmel/studio/7.0/toolchain/arm/arm-gnu-toolchain/bin/../lib/gcc/arm-none-eabi/5.3.1/../../../../arm-none-eabi/lib/armv7-m\libc.a(lib_a-locale.o)
 .data.__mb_cur_max
                0x20070854        0x4 c:/program files (x86)/atmel/studio/7.0/toolchain/arm/arm-gnu-toolchain/bin/../lib/gcc/arm-none-eabi/5.3.1/../../../../arm-none-eabi/lib/armv7-m\libc.a(lib_a-locale.o)
                0x20070854                __mb_cur_max
 .data.__malloc_av_
                0x20070858      0x408 c:/program files (x86)/atmel/studio/7.0/toolchain/arm/arm-gnu-toolchain/bin/../lib/gcc/arm-none-eabi/5.3.1/../../../../arm-none-eabi/lib/armv7-m\libc.a(lib_a-mallocr.o)
                0x20070858                __malloc_av_
 .data.__malloc_trim_threshold
                0x20070c60        0x4 c:/program files (x86)/atmel/studio/7.0/toolchain/arm/arm-gnu-toolchain/bin/../lib/gcc/arm-none-eabi/5.3.1/../../../../arm-none-eabi/lib/armv7-m\libc.a(lib_a-mallocr.o)
                0x20070c60                __malloc_trim_threshold
 .data.__malloc_sbrk_base
                0x20070c64        0x4 c:/program files (x86)/atmel/studio/7.0/toolchain/arm/arm-gnu-toolchain/bin/../lib/gcc/arm-none-eabi/5.3.1/../../../../arm-none-eabi/lib/armv7-m\libc.a(lib_a-mallocr.o)
                0x20070c64                __malloc_sbrk_base
 .data.__wctomb
                0x20070c68        0x4 c:/program files (x86)/atmel/studio/7.0/toolchain/arm/arm-gnu-toolchain/bin/../lib/gcc/arm-none-eabi/5.3.1/../../../../arm-none-eabi/lib/armv7-m\libc.a(lib_a-wctomb_r.o)
                0x20070c68                __wctomb
                0x20070c6c                . = ALIGN (0x4)
                0x20070c6c                _erelocate = .

.bss            0x20070c6c      0x5dc load address 0x00087474
                0x20070c6c                . = ALIGN (0x4)
                0x20070c6c                _sbss = .
                0x20070c6c                _szero = .
 *(.bss .bss.*)
 .bss           0x20070c6c       0x1c c:/program files (x86)/atmel/studio/7.0/toolchain/arm/arm-gnu-toolchain/bin/../lib/gcc/arm-none-eabi/5.3.1/armv7-m/crtbegin.o
 .bss.state     0x20070c88        0x1 src/Platform/Driver/DD_CAN/D_CAN.o
                0x20070c88                state
 *fill*         0x20070c89        0x1 
 .bss.count_start
                0x20070c8a        0x2 src/Platform/Driver/DD_CAN/D_CAN.o
                0x20070c8a                count_start
 .bss.count_stop
                0x20070c8c        0x2 src/Platform/Driver/DD_CAN/D_CAN.o
                0x20070c8c                count_stop
 .bss.data_count
                0x20070c8e        0x1 src/Platform/Driver/DD_CAN/D_CAN.o
                0x20070c8e                data_count
 *fill*         0x20070c8f        0x1 
 .bss.data      0x20070c90        0x3 src/Platform/Driver/DD_CAN/D_CAN.o
                0x20070c90                data
 .bss.sv_rxrdy_flag
                0x20070c93        0x1 src/Platform/Driver/DD_CAN/D_CAN.o
                0x20070c93                sv_rxrdy_flag
 .bss.data_buff
                0x20070c94        0x3 src/Platform/Driver/DD_CAN/D_CAN.o
                0x20070c94                data_buff
 .bss.test      0x20070c97        0x1 src/Platform/Driver/DD_CAN/D_CAN.o
                0x20070c97                test
 .bss.g_ul_recv_status
                0x20070c98        0x4 src/Platform/Driver/DD_CAN/D_CAN.o
                0x20070c98                g_ul_recv_status
 .bss.toggle    0x20070c9c        0x1 src/Platform/Driver/HANDLER/D_HANDLER.o
 *fill*         0x20070c9d        0x3 
 .bss.TC1_cnt   0x20070ca0        0x4 src/Platform/Driver/HANDLER/D_HANDLER.o
                0x20070ca0                TC1_cnt
 .bss.TC2_cnt   0x20070ca4        0x4 src/Platform/Driver/HANDLER/D_HANDLER.o
                0x20070ca4                TC2_cnt
 .bss.Cnt_TC0_total
                0x20070ca8        0x4 src/Platform/Driver/HANDLER/D_HANDLER.o
                0x20070ca8                Cnt_TC0_total
 .bss.Cnt_TC1_total
                0x20070cac        0x4 src/Platform/Driver/HANDLER/D_HANDLER.o
                0x20070cac                Cnt_TC1_total
 .bss.tick      0x20070cb0        0x4 src/Platform/Driver/HANDLER/D_HANDLER.o
                0x20070cb0                tick
 .bss.tick_10   0x20070cb4        0x4 src/Platform/Driver/HANDLER/D_HANDLER.o
                0x20070cb4                tick_10
 .bss.tick_50   0x20070cb8        0x4 src/Platform/Driver/HANDLER/D_HANDLER.o
                0x20070cb8                tick_50
 .bss.tick_100  0x20070cbc        0x4 src/Platform/Driver/HANDLER/D_HANDLER.o
                0x20070cbc                tick_100
 .bss.tick_500  0x20070cc0        0x4 src/Platform/Driver/HANDLER/D_HANDLER.o
                0x20070cc0                tick_500
 .bss.ul_reg_val.7325
                0x20070cc4        0x4 src/ASF/sam/drivers/usart/usart.o
 .bss.count     0x20070cc8        0x4 src/CPU3.o
                0x20070cc8                count
 .bss.count1    0x20070ccc        0x4 src/CPU3.o
                0x20070ccc                count1
 .bss.openfillstate
                0x20070cd0        0x1 src/CPU3.o
                0x20070cd0                openfillstate
 .bss.flag_nrmal
                0x20070cd1        0x1 src/CPU3.o
                0x20070cd1                flag_nrmal
 *fill*         0x20070cd2        0x2 
 .bss.rc        0x20070cd4        0x4 src/CPU3.o
                0x20070cd4                rc
 .bss.feedcount_flag
                0x20070cd8        0x1 src/CPU3.o
                0x20070cd8                feedcount_flag
 *fill*         0x20070cd9        0x3 
 .bss.acid_count
                0x20070cdc        0x4 src/CPU3.o
                0x20070cdc                acid_count
 .bss.bicarb_count
                0x20070ce0        0x4 src/CPU3.o
                0x20070ce0                bicarb_count
 .bss.cnt.8991  0x20070ce4        0x1 src/CPU3.o
 *fill*         0x20070ce5        0x3 
 .bss.status.9006
                0x20070ce8        0x4 src/CPU3.o
 .bss.status_bic.9007
                0x20070cec        0x4 src/CPU3.o
 .bss.status_fdbck.9008
                0x20070cf0        0x4 src/CPU3.o
 .bss.prev_status_bic.9011
                0x20070cf4        0x4 src/CPU3.o
 .bss.prev_status_fdbck.9013
                0x20070cf8        0x4 src/CPU3.o
 .bss.flag_1.9003
                0x20070cfc        0x4 src/CPU3.o
 .bss.prev_status.9009
                0x20070d00        0x4 src/CPU3.o
 .bss.dummy_1.9002
                0x20070d04        0x4 src/CPU3.o
 .bss.flag_1b.9004
                0x20070d08        0x4 src/CPU3.o
 .bss.dummy_1b.9005
                0x20070d0c        0x4 src/CPU3.o
 .bss.gs_interrupt_sources
                0x20070d10       0x70 src/ASF/sam/drivers/pio/pio_handler.o
 .bss.heap.5286
                0x20070d80        0x4 src/ASF/sam/utils/syscalls/gcc/syscalls.o
 .bss.__malloc_max_total_mem
                0x20070d84        0x4 c:/program files (x86)/atmel/studio/7.0/toolchain/arm/arm-gnu-toolchain/bin/../lib/gcc/arm-none-eabi/5.3.1/../../../../arm-none-eabi/lib/armv7-m\libc.a(lib_a-mallocr.o)
                0x20070d84                __malloc_max_total_mem
 .bss.__malloc_max_sbrked_mem
                0x20070d88        0x4 c:/program files (x86)/atmel/studio/7.0/toolchain/arm/arm-gnu-toolchain/bin/../lib/gcc/arm-none-eabi/5.3.1/../../../../arm-none-eabi/lib/armv7-m\libc.a(lib_a-mallocr.o)
                0x20070d88                __malloc_max_sbrked_mem
 .bss.__malloc_top_pad
                0x20070d8c        0x4 c:/program files (x86)/atmel/studio/7.0/toolchain/arm/arm-gnu-toolchain/bin/../lib/gcc/arm-none-eabi/5.3.1/../../../../arm-none-eabi/lib/armv7-m\libc.a(lib_a-mallocr.o)
                0x20070d8c                __malloc_top_pad
 .bss.__malloc_current_mallinfo
                0x20070d90       0x28 c:/program files (x86)/atmel/studio/7.0/toolchain/arm/arm-gnu-toolchain/bin/../lib/gcc/arm-none-eabi/5.3.1/../../../../arm-none-eabi/lib/armv7-m\libc.a(lib_a-mallocr.o)
                0x20070d90                __malloc_current_mallinfo
 *(COMMON)
 COMMON         0x20070db8      0x430 src/Platform/Driver/DD_CAN/D_CAN.o
                0x20070db8                address
                0x20070dbc                flag
                0x20070dc0                temp_struct
                0x20070dc4                start_c
                0x20070dc6                User_setConductivity
                0x20070dc8                flag1
                0x20070dcc                can0_mailbox
                0x20070dec                flag_buff
                0x20070df0                address_1
                0x20070df4                can0_transceiver
                0x20070dfc                flag_buff1
                0x20070e00                data_buffer
 COMMON         0x200711e8        0x8 src/Platform/Driver/HANDLER/D_HANDLER.o
                0x200711e8                time_tick
                0x200711ec                stepcount
 COMMON         0x200711f0        0x4 src/ASF/common/utils/stdio/read.o
                0x200711f0                ptr_get
 COMMON         0x200711f4        0x8 src/ASF/common/utils/stdio/write.o
                0x200711f4                ptr_put
                0x200711f8                stdio_base
 COMMON         0x200711fc       0x48 src/CPU3.o
                0x200711fc                cond1
                0x20071200                cond1_c
                0x20071204                cond2_v
                0x20071208                bic_rc
                0x2007120c                mode
                0x20071210                sensor_status
                0x20071228                bic_ra
                0x2007122c                data_stream
                0x20071230                cond2
                0x20071234                cond1_v
                0x20071238                cpu3_time
                0x2007123c                cond2_c
                0x20071240                ra
 COMMON         0x20071244        0x4 c:/program files (x86)/atmel/studio/7.0/toolchain/arm/arm-gnu-toolchain/bin/../lib/gcc/arm-none-eabi/5.3.1/../../../../arm-none-eabi/lib/armv7-m\libc.a(lib_a-reent.o)
                0x20071244                errno
                0x20071248                . = ALIGN (0x4)
                0x20071248                _ebss = .
                0x20071248                _ezero = .

.stack          0x20071248     0x2000 load address 0x00087a50
                0x20071248                . = ALIGN (0x8)
                0x20071248                _sstack = .
                0x20073248                . = (. + __stack_size__)
 *fill*         0x20071248     0x2000 
                0x20073248                . = ALIGN (0x8)
                0x20073248                _estack = .
                0x20073248                . = ALIGN (0x4)
                0x20073248                _end = .
OUTPUT(CPU3.elf elf32-littlearm)

.ARM.attributes
                0x00000000       0x29
 .ARM.attributes
                0x00000000       0x1d c:/program files (x86)/atmel/studio/7.0/toolchain/arm/arm-gnu-toolchain/bin/../lib/gcc/arm-none-eabi/5.3.1/armv7-m/crti.o
 .ARM.attributes
                0x0000001d       0x2d c:/program files (x86)/atmel/studio/7.0/toolchain/arm/arm-gnu-toolchain/bin/../lib/gcc/arm-none-eabi/5.3.1/armv7-m/crtbegin.o
 .ARM.attributes
                0x0000004a       0x33 src/Platform/Driver/CLOCK/D_CLOCK.o
 .ARM.attributes
                0x0000007d       0x33 src/Platform/Driver/DD_CAN/D_CAN.o
 .ARM.attributes
                0x000000b0       0x33 src/Platform/Driver/D_SYS/D_SYS.o
 .ARM.attributes
                0x000000e3       0x33 src/Platform/Driver/GPIO/D_GPIO.o
 .ARM.attributes
                0x00000116       0x33 src/Platform/Driver/HANDLER/D_HANDLER.o
 .ARM.attributes
                0x00000149       0x33 src/Platform/Driver/INT/D_INT.o
 .ARM.attributes
                0x0000017c       0x33 src/Platform/Driver/PWM/D_PWM.o
 .ARM.attributes
                0x000001af       0x33 src/Platform/Driver/TIMER/D_TIMER.o
 .ARM.attributes
                0x000001e2       0x33 src/Platform/Service/CNTRL/S_CNTRL.o
 .ARM.attributes
                0x00000215       0x33 src/Platform/Service/SYS/S_SYS.o
 .ARM.attributes
                0x00000248       0x33 src/Platform/Service/TIMER/S_TIMER.o
 .ARM.attributes
                0x0000027b       0x33 src/ASF/common/utils/stdio/read.o
 .ARM.attributes
                0x000002ae       0x33 src/ASF/common/utils/stdio/write.o
 .ARM.attributes
                0x000002e1       0x33 src/ASF/sam/drivers/tc/tc.o
 .ARM.attributes
                0x00000314       0x33 src/ASF/sam/drivers/uart/uart.o
 .ARM.attributes
                0x00000347       0x33 src/ASF/sam/drivers/usart/usart.o
 .ARM.attributes
                0x0000037a       0x33 src/CPU3.o
 .ARM.attributes
                0x000003ad       0x33 src/ASF/common/services/clock/sam3x/sysclk.o
 .ARM.attributes
                0x000003e0       0x33 src/ASF/sam/boards/arduino_due_x/init.o
 .ARM.attributes
                0x00000413       0x33 src/ASF/sam/drivers/pio/pio.o
 .ARM.attributes
                0x00000446       0x33 src/ASF/sam/drivers/pio/pio_handler.o
 .ARM.attributes
                0x00000479       0x33 src/ASF/sam/drivers/pmc/pmc.o
 .ARM.attributes
                0x000004ac       0x33 src/ASF/sam/utils/cmsis/sam3x/source/templates/exceptions.o
 .ARM.attributes
                0x000004df       0x33 src/ASF/sam/utils/cmsis/sam3x/source/templates/gcc/startup_sam3x.o
 .ARM.attributes
                0x00000512       0x33 src/ASF/sam/utils/cmsis/sam3x/source/templates/system_sam3x.o
 .ARM.attributes
                0x00000545       0x33 src/ASF/sam/utils/syscalls/gcc/syscalls.o
 .ARM.attributes
                0x00000578       0x1d c:/program files (x86)/atmel/studio/7.0/toolchain/arm/arm-gnu-toolchain/bin/../lib/gcc/arm-none-eabi/5.3.1/armv7-m\libgcc.a(_arm_addsubdf3.o)
 .ARM.attributes
                0x00000595       0x1d c:/program files (x86)/atmel/studio/7.0/toolchain/arm/arm-gnu-toolchain/bin/../lib/gcc/arm-none-eabi/5.3.1/armv7-m\libgcc.a(_arm_fixunsdfsi.o)
 .ARM.attributes
                0x000005b2       0x2d c:/program files (x86)/atmel/studio/7.0/toolchain/arm/arm-gnu-toolchain/bin/../lib/gcc/arm-none-eabi/5.3.1/../../../../arm-none-eabi/lib/armv7-m\libc.a(lib_a-impure.o)
 .ARM.attributes
                0x000005df       0x2d c:/program files (x86)/atmel/studio/7.0/toolchain/arm/arm-gnu-toolchain/bin/../lib/gcc/arm-none-eabi/5.3.1/../../../../arm-none-eabi/lib/armv7-m\libc.a(lib_a-init.o)
 .ARM.attributes
                0x0000060c       0x2d c:/program files (x86)/atmel/studio/7.0/toolchain/arm/arm-gnu-toolchain/bin/../lib/gcc/arm-none-eabi/5.3.1/../../../../arm-none-eabi/lib/armv7-m\libc.a(lib_a-iprintf.o)
 .ARM.attributes
                0x00000639       0x2d c:/program files (x86)/atmel/studio/7.0/toolchain/arm/arm-gnu-toolchain/bin/../lib/gcc/arm-none-eabi/5.3.1/../../../../arm-none-eabi/lib/armv7-m\libc.a(lib_a-memset.o)
 .ARM.attributes
                0x00000666       0x2d c:/program files (x86)/atmel/studio/7.0/toolchain/arm/arm-gnu-toolchain/bin/../lib/gcc/arm-none-eabi/5.3.1/../../../../arm-none-eabi/lib/armv7-m\libc.a(lib_a-setbuf.o)
 .ARM.attributes
                0x00000693       0x2d c:/program files (x86)/atmel/studio/7.0/toolchain/arm/arm-gnu-toolchain/bin/../lib/gcc/arm-none-eabi/5.3.1/../../../../arm-none-eabi/lib/armv7-m\libc.a(lib_a-setvbuf.o)
 .ARM.attributes
                0x000006c0       0x2d c:/program files (x86)/atmel/studio/7.0/toolchain/arm/arm-gnu-toolchain/bin/../lib/gcc/arm-none-eabi/5.3.1/../../../../arm-none-eabi/lib/armv7-m\libc.a(lib_a-strlen-stub.o)
 .ARM.attributes
                0x000006ed       0x2d c:/program files (x86)/atmel/studio/7.0/toolchain/arm/arm-gnu-toolchain/bin/../lib/gcc/arm-none-eabi/5.3.1/../../../../arm-none-eabi/lib/armv7-m\libc.a(lib_a-vfiprintf.o)
 .ARM.attributes
                0x0000071a       0x2d c:/program files (x86)/atmel/studio/7.0/toolchain/arm/arm-gnu-toolchain/bin/../lib/gcc/arm-none-eabi/5.3.1/../../../../arm-none-eabi/lib/armv7-m\libc.a(lib_a-wsetup.o)
 .ARM.attributes
                0x00000747       0x2d c:/program files (x86)/atmel/studio/7.0/toolchain/arm/arm-gnu-toolchain/bin/../lib/gcc/arm-none-eabi/5.3.1/../../../../arm-none-eabi/lib/armv7-m\libc.a(lib_a-__call_atexit.o)
 .ARM.attributes
                0x00000774       0x2d c:/program files (x86)/atmel/studio/7.0/toolchain/arm/arm-gnu-toolchain/bin/../lib/gcc/arm-none-eabi/5.3.1/../../../../arm-none-eabi/lib/armv7-m\libc.a(lib_a-atexit.o)
 .ARM.attributes
                0x000007a1       0x2d c:/program files (x86)/atmel/studio/7.0/toolchain/arm/arm-gnu-toolchain/bin/../lib/gcc/arm-none-eabi/5.3.1/../../../../arm-none-eabi/lib/armv7-m\libc.a(lib_a-fflush.o)
 .ARM.attributes
                0x000007ce       0x2d c:/program files (x86)/atmel/studio/7.0/toolchain/arm/arm-gnu-toolchain/bin/../lib/gcc/arm-none-eabi/5.3.1/../../../../arm-none-eabi/lib/armv7-m\libc.a(lib_a-findfp.o)
 .ARM.attributes
                0x000007fb       0x2d c:/program files (x86)/atmel/studio/7.0/toolchain/arm/arm-gnu-toolchain/bin/../lib/gcc/arm-none-eabi/5.3.1/../../../../arm-none-eabi/lib/armv7-m\libc.a(lib_a-fini.o)
 .ARM.attributes
                0x00000828       0x2d c:/program files (x86)/atmel/studio/7.0/toolchain/arm/arm-gnu-toolchain/bin/../lib/gcc/arm-none-eabi/5.3.1/../../../../arm-none-eabi/lib/armv7-m\libc.a(lib_a-fputwc.o)
 .ARM.attributes
                0x00000855       0x2d c:/program files (x86)/atmel/studio/7.0/toolchain/arm/arm-gnu-toolchain/bin/../lib/gcc/arm-none-eabi/5.3.1/../../../../arm-none-eabi/lib/armv7-m\libc.a(lib_a-freer.o)
 .ARM.attributes
                0x00000882       0x2d c:/program files (x86)/atmel/studio/7.0/toolchain/arm/arm-gnu-toolchain/bin/../lib/gcc/arm-none-eabi/5.3.1/../../../../arm-none-eabi/lib/armv7-m\libc.a(lib_a-fvwrite.o)
 .ARM.attributes
                0x000008af       0x2d c:/program files (x86)/atmel/studio/7.0/toolchain/arm/arm-gnu-toolchain/bin/../lib/gcc/arm-none-eabi/5.3.1/../../../../arm-none-eabi/lib/armv7-m\libc.a(lib_a-fwalk.o)
 .ARM.attributes
                0x000008dc       0x2d c:/program files (x86)/atmel/studio/7.0/toolchain/arm/arm-gnu-toolchain/bin/../lib/gcc/arm-none-eabi/5.3.1/../../../../arm-none-eabi/lib/armv7-m\libc.a(lib_a-locale.o)
 .ARM.attributes
                0x00000909       0x2d c:/program files (x86)/atmel/studio/7.0/toolchain/arm/arm-gnu-toolchain/bin/../lib/gcc/arm-none-eabi/5.3.1/../../../../arm-none-eabi/lib/armv7-m\libc.a(lib_a-makebuf.o)
 .ARM.attributes
                0x00000936       0x2d c:/program files (x86)/atmel/studio/7.0/toolchain/arm/arm-gnu-toolchain/bin/../lib/gcc/arm-none-eabi/5.3.1/../../../../arm-none-eabi/lib/armv7-m\libc.a(lib_a-malloc.o)
 .ARM.attributes
                0x00000963       0x2d c:/program files (x86)/atmel/studio/7.0/toolchain/arm/arm-gnu-toolchain/bin/../lib/gcc/arm-none-eabi/5.3.1/../../../../arm-none-eabi/lib/armv7-m\libc.a(lib_a-mallocr.o)
 .ARM.attributes
                0x00000990       0x2d c:/program files (x86)/atmel/studio/7.0/toolchain/arm/arm-gnu-toolchain/bin/../lib/gcc/arm-none-eabi/5.3.1/../../../../arm-none-eabi/lib/armv7-m\libc.a(lib_a-memchr-stub.o)
 .ARM.attributes
                0x000009bd       0x1b c:/program files (x86)/atmel/studio/7.0/toolchain/arm/arm-gnu-toolchain/bin/../lib/gcc/arm-none-eabi/5.3.1/../../../../arm-none-eabi/lib/armv7-m\libc.a(lib_a-memcpy.o)
 .ARM.attributes
                0x000009d8       0x2d c:/program files (x86)/atmel/studio/7.0/toolchain/arm/arm-gnu-toolchain/bin/../lib/gcc/arm-none-eabi/5.3.1/../../../../arm-none-eabi/lib/armv7-m\libc.a(lib_a-memmove.o)
 .ARM.attributes
                0x00000a05       0x2d c:/program files (x86)/atmel/studio/7.0/toolchain/arm/arm-gnu-toolchain/bin/../lib/gcc/arm-none-eabi/5.3.1/../../../../arm-none-eabi/lib/armv7-m\libc.a(lib_a-mlock.o)
 .ARM.attributes
                0x00000a32       0x2d c:/program files (x86)/atmel/studio/7.0/toolchain/arm/arm-gnu-toolchain/bin/../lib/gcc/arm-none-eabi/5.3.1/../../../../arm-none-eabi/lib/armv7-m\libc.a(lib_a-reallocr.o)
 .ARM.attributes
                0x00000a5f       0x2d c:/program files (x86)/atmel/studio/7.0/toolchain/arm/arm-gnu-toolchain/bin/../lib/gcc/arm-none-eabi/5.3.1/../../../../arm-none-eabi/lib/armv7-m\libc.a(lib_a-sbrkr.o)
 .ARM.attributes
                0x00000a8c       0x2d c:/program files (x86)/atmel/studio/7.0/toolchain/arm/arm-gnu-toolchain/bin/../lib/gcc/arm-none-eabi/5.3.1/../../../../arm-none-eabi/lib/armv7-m\libc.a(lib_a-stdio.o)
 .ARM.attributes
                0x00000ab9       0x2d c:/program files (x86)/atmel/studio/7.0/toolchain/arm/arm-gnu-toolchain/bin/../lib/gcc/arm-none-eabi/5.3.1/../../../../arm-none-eabi/lib/armv7-m\libc.a(lib_a-wbuf.o)
 .ARM.attributes
                0x00000ae6       0x2d c:/program files (x86)/atmel/studio/7.0/toolchain/arm/arm-gnu-toolchain/bin/../lib/gcc/arm-none-eabi/5.3.1/../../../../arm-none-eabi/lib/armv7-m\libc.a(lib_a-wcrtomb.o)
 .ARM.attributes
                0x00000b13       0x2d c:/program files (x86)/atmel/studio/7.0/toolchain/arm/arm-gnu-toolchain/bin/../lib/gcc/arm-none-eabi/5.3.1/../../../../arm-none-eabi/lib/armv7-m\libc.a(lib_a-wctomb_r.o)
 .ARM.attributes
                0x00000b40       0x2d c:/program files (x86)/atmel/studio/7.0/toolchain/arm/arm-gnu-toolchain/bin/../lib/gcc/arm-none-eabi/5.3.1/../../../../arm-none-eabi/lib/armv7-m\libc.a(lib_a-writer.o)
 .ARM.attributes
                0x00000b6d       0x2d c:/program files (x86)/atmel/studio/7.0/toolchain/arm/arm-gnu-toolchain/bin/../lib/gcc/arm-none-eabi/5.3.1/../../../../arm-none-eabi/lib/armv7-m\libc.a(lib_a-__atexit.o)
 .ARM.attributes
                0x00000b9a       0x2d c:/program files (x86)/atmel/studio/7.0/toolchain/arm/arm-gnu-toolchain/bin/../lib/gcc/arm-none-eabi/5.3.1/../../../../arm-none-eabi/lib/armv7-m\libc.a(lib_a-closer.o)
 .ARM.attributes
                0x00000bc7       0x2d c:/program files (x86)/atmel/studio/7.0/toolchain/arm/arm-gnu-toolchain/bin/../lib/gcc/arm-none-eabi/5.3.1/../../../../arm-none-eabi/lib/armv7-m\libc.a(lib_a-fclose.o)
 .ARM.attributes
                0x00000bf4       0x2d c:/program files (x86)/atmel/studio/7.0/toolchain/arm/arm-gnu-toolchain/bin/../lib/gcc/arm-none-eabi/5.3.1/../../../../arm-none-eabi/lib/armv7-m\libc.a(lib_a-fstatr.o)
 .ARM.attributes
                0x00000c21       0x2d c:/program files (x86)/atmel/studio/7.0/toolchain/arm/arm-gnu-toolchain/bin/../lib/gcc/arm-none-eabi/5.3.1/../../../../arm-none-eabi/lib/armv7-m\libc.a(lib_a-isattyr.o)
 .ARM.attributes
                0x00000c4e       0x2d c:/program files (x86)/atmel/studio/7.0/toolchain/arm/arm-gnu-toolchain/bin/../lib/gcc/arm-none-eabi/5.3.1/../../../../arm-none-eabi/lib/armv7-m\libc.a(lib_a-lseekr.o)
 .ARM.attributes
                0x00000c7b       0x2d c:/program files (x86)/atmel/studio/7.0/toolchain/arm/arm-gnu-toolchain/bin/../lib/gcc/arm-none-eabi/5.3.1/../../../../arm-none-eabi/lib/armv7-m\libc.a(lib_a-readr.o)
 .ARM.attributes
                0x00000ca8       0x2d c:/program files (x86)/atmel/studio/7.0/toolchain/arm/arm-gnu-toolchain/bin/../lib/gcc/arm-none-eabi/5.3.1/../../../../arm-none-eabi/lib/armv7-m\libc.a(lib_a-reent.o)
 .ARM.attributes
                0x00000cd5       0x1d c:/program files (x86)/atmel/studio/7.0/toolchain/arm/arm-gnu-toolchain/bin/../lib/gcc/arm-none-eabi/5.3.1/armv7-m\libgcc.a(_aeabi_uldivmod.o)
 .ARM.attributes
                0x00000cf2       0x2d c:/program files (x86)/atmel/studio/7.0/toolchain/arm/arm-gnu-toolchain/bin/../lib/gcc/arm-none-eabi/5.3.1/armv7-m\libgcc.a(_udivmoddi4.o)
 .ARM.attributes
                0x00000d1f       0x1d c:/program files (x86)/atmel/studio/7.0/toolchain/arm/arm-gnu-toolchain/bin/../lib/gcc/arm-none-eabi/5.3.1/armv7-m\libgcc.a(_dvmd_tls.o)
 .ARM.attributes
                0x00000d3c       0x1d c:/program files (x86)/atmel/studio/7.0/toolchain/arm/arm-gnu-toolchain/bin/../lib/gcc/arm-none-eabi/5.3.1/armv7-m/crtn.o

.comment        0x00000000       0x59
 .comment       0x00000000       0x59 src/Platform/Driver/CLOCK/D_CLOCK.o
                                 0x5a (size before relaxing)
 .comment       0x00000059       0x5a src/Platform/Driver/DD_CAN/D_CAN.o
 .comment       0x00000059       0x5a src/Platform/Driver/D_SYS/D_SYS.o
 .comment       0x00000059       0x5a src/Platform/Driver/GPIO/D_GPIO.o
 .comment       0x00000059       0x5a src/Platform/Driver/HANDLER/D_HANDLER.o
 .comment       0x00000059       0x5a src/Platform/Driver/INT/D_INT.o
 .comment       0x00000059       0x5a src/Platform/Driver/PWM/D_PWM.o
 .comment       0x00000059       0x5a src/Platform/Driver/TIMER/D_TIMER.o
 .comment       0x00000059       0x5a src/Platform/Service/CNTRL/S_CNTRL.o
 .comment       0x00000059       0x5a src/Platform/Service/SYS/S_SYS.o
 .comment       0x00000059       0x5a src/Platform/Service/TIMER/S_TIMER.o
 .comment       0x00000059       0x5a src/ASF/common/utils/stdio/read.o
 .comment       0x00000059       0x5a src/ASF/common/utils/stdio/write.o
 .comment       0x00000059       0x5a src/ASF/sam/drivers/tc/tc.o
 .comment       0x00000059       0x5a src/ASF/sam/drivers/uart/uart.o
 .comment       0x00000059       0x5a src/ASF/sam/drivers/usart/usart.o
 .comment       0x00000059       0x5a src/CPU3.o
 .comment       0x00000059       0x5a src/ASF/common/services/clock/sam3x/sysclk.o
 .comment       0x00000059       0x5a src/ASF/sam/boards/arduino_due_x/init.o
 .comment       0x00000059       0x5a src/ASF/sam/drivers/pio/pio.o
 .comment       0x00000059       0x5a src/ASF/sam/drivers/pio/pio_handler.o
 .comment       0x00000059       0x5a src/ASF/sam/drivers/pmc/pmc.o
 .comment       0x00000059       0x5a src/ASF/sam/utils/cmsis/sam3x/source/templates/exceptions.o
 .comment       0x00000059       0x5a src/ASF/sam/utils/cmsis/sam3x/source/templates/gcc/startup_sam3x.o
 .comment       0x00000059       0x5a src/ASF/sam/utils/cmsis/sam3x/source/templates/system_sam3x.o
 .comment       0x00000059       0x5a src/ASF/sam/utils/syscalls/gcc/syscalls.o

.debug_info     0x00000000    0x14b50
 .debug_info    0x00000000      0xcfa src/Platform/Driver/CLOCK/D_CLOCK.o
 .debug_info    0x00000cfa     0x1cd1 src/Platform/Driver/DD_CAN/D_CAN.o
 .debug_info    0x000029cb     0x158b src/Platform/Driver/D_SYS/D_SYS.o
 .debug_info    0x00003f56      0xfb3 src/Platform/Driver/GPIO/D_GPIO.o
 .debug_info    0x00004f09     0x1534 src/Platform/Driver/HANDLER/D_HANDLER.o
 .debug_info    0x0000643d     0x1102 src/Platform/Driver/INT/D_INT.o
 .debug_info    0x0000753f      0xfc1 src/Platform/Driver/PWM/D_PWM.o
 .debug_info    0x00008500      0xf51 src/Platform/Driver/TIMER/D_TIMER.o
 .debug_info    0x00009451      0xb6e src/Platform/Service/CNTRL/S_CNTRL.o
 .debug_info    0x00009fbf      0xa5a src/Platform/Service/SYS/S_SYS.o
 .debug_info    0x0000aa19      0xac2 src/Platform/Service/TIMER/S_TIMER.o
 .debug_info    0x0000b4db      0x1ae src/ASF/common/utils/stdio/read.o
 .debug_info    0x0000b689      0x1bc src/ASF/common/utils/stdio/write.o
 .debug_info    0x0000b845      0x960 src/ASF/sam/drivers/tc/tc.o
 .debug_info    0x0000c1a5      0x839 src/ASF/sam/drivers/uart/uart.o
 .debug_info    0x0000c9de     0x18a9 src/ASF/sam/drivers/usart/usart.o
 .debug_info    0x0000e287     0x23a6 src/CPU3.o
 .debug_info    0x0001062d      0x6bf src/ASF/common/services/clock/sam3x/sysclk.o
 .debug_info    0x00010cec      0x5ec src/ASF/sam/boards/arduino_due_x/init.o
 .debug_info    0x000112d8      0xed2 src/ASF/sam/drivers/pio/pio.o
 .debug_info    0x000121aa      0xc96 src/ASF/sam/drivers/pio/pio_handler.o
 .debug_info    0x00012e40     0x104c src/ASF/sam/drivers/pmc/pmc.o
 .debug_info    0x00013e8c       0xba src/ASF/sam/utils/cmsis/sam3x/source/templates/exceptions.o
 .debug_info    0x00013f46      0x376 src/ASF/sam/utils/cmsis/sam3x/source/templates/gcc/startup_sam3x.o
 .debug_info    0x000142bc      0x47a src/ASF/sam/utils/cmsis/sam3x/source/templates/system_sam3x.o
 .debug_info    0x00014736      0x41a src/ASF/sam/utils/syscalls/gcc/syscalls.o

.debug_abbrev   0x00000000     0x2e86
 .debug_abbrev  0x00000000      0x1ba src/Platform/Driver/CLOCK/D_CLOCK.o
 .debug_abbrev  0x000001ba      0x406 src/Platform/Driver/DD_CAN/D_CAN.o
 .debug_abbrev  0x000005c0      0x267 src/Platform/Driver/D_SYS/D_SYS.o
 .debug_abbrev  0x00000827      0x213 src/Platform/Driver/GPIO/D_GPIO.o
 .debug_abbrev  0x00000a3a      0x23c src/Platform/Driver/HANDLER/D_HANDLER.o
 .debug_abbrev  0x00000c76      0x21c src/Platform/Driver/INT/D_INT.o
 .debug_abbrev  0x00000e92      0x1ff src/Platform/Driver/PWM/D_PWM.o
 .debug_abbrev  0x00001091      0x224 src/Platform/Driver/TIMER/D_TIMER.o
 .debug_abbrev  0x000012b5      0x1e7 src/Platform/Service/CNTRL/S_CNTRL.o
 .debug_abbrev  0x0000149c      0x1a0 src/Platform/Service/SYS/S_SYS.o
 .debug_abbrev  0x0000163c      0x1b3 src/Platform/Service/TIMER/S_TIMER.o
 .debug_abbrev  0x000017ef       0xdd src/ASF/common/utils/stdio/read.o
 .debug_abbrev  0x000018cc       0xe6 src/ASF/common/utils/stdio/write.o
 .debug_abbrev  0x000019b2      0x158 src/ASF/sam/drivers/tc/tc.o
 .debug_abbrev  0x00001b0a      0x169 src/ASF/sam/drivers/uart/uart.o
 .debug_abbrev  0x00001c73      0x1d6 src/ASF/sam/drivers/usart/usart.o
 .debug_abbrev  0x00001e49      0x3b9 src/CPU3.o
 .debug_abbrev  0x00002202      0x1dd src/ASF/common/services/clock/sam3x/sysclk.o
 .debug_abbrev  0x000023df      0x14e src/ASF/sam/boards/arduino_due_x/init.o
 .debug_abbrev  0x0000252d      0x1b1 src/ASF/sam/drivers/pio/pio.o
 .debug_abbrev  0x000026de      0x21a src/ASF/sam/drivers/pio/pio_handler.o
 .debug_abbrev  0x000028f8      0x20d src/ASF/sam/drivers/pmc/pmc.o
 .debug_abbrev  0x00002b05       0x6c src/ASF/sam/utils/cmsis/sam3x/source/templates/exceptions.o
 .debug_abbrev  0x00002b71      0x100 src/ASF/sam/utils/cmsis/sam3x/source/templates/gcc/startup_sam3x.o
 .debug_abbrev  0x00002c71       0xf5 src/ASF/sam/utils/cmsis/sam3x/source/templates/system_sam3x.o
 .debug_abbrev  0x00002d66      0x120 src/ASF/sam/utils/syscalls/gcc/syscalls.o

.debug_loc      0x00000000     0x73de
 .debug_loc     0x00000000       0x2c src/Platform/Driver/CLOCK/D_CLOCK.o
 .debug_loc     0x0000002c      0x4da src/Platform/Driver/DD_CAN/D_CAN.o
 .debug_loc     0x00000506      0x28c src/Platform/Driver/D_SYS/D_SYS.o
 .debug_loc     0x00000792      0x140 src/Platform/Driver/GPIO/D_GPIO.o
 .debug_loc     0x000008d2      0x138 src/Platform/Driver/HANDLER/D_HANDLER.o
 .debug_loc     0x00000a0a      0x19c src/Platform/Driver/INT/D_INT.o
 .debug_loc     0x00000ba6       0xfc src/Platform/Driver/PWM/D_PWM.o
 .debug_loc     0x00000ca2      0x1bc src/Platform/Driver/TIMER/D_TIMER.o
 .debug_loc     0x00000e5e      0x14c src/Platform/Service/CNTRL/S_CNTRL.o
 .debug_loc     0x00000faa       0x2c src/Platform/Service/SYS/S_SYS.o
 .debug_loc     0x00000fd6       0xa0 src/Platform/Service/TIMER/S_TIMER.o
 .debug_loc     0x00001076       0x50 src/ASF/common/utils/stdio/read.o
 .debug_loc     0x000010c6       0x50 src/ASF/common/utils/stdio/write.o
 .debug_loc     0x00001116      0x844 src/ASF/sam/drivers/tc/tc.o
 .debug_loc     0x0000195a      0x8a0 src/ASF/sam/drivers/uart/uart.o
 .debug_loc     0x000021fa     0x1e9c src/ASF/sam/drivers/usart/usart.o
 .debug_loc     0x00004096      0x560 src/CPU3.o
 .debug_loc     0x000045f6      0x4a0 src/ASF/common/services/clock/sam3x/sysclk.o
 .debug_loc     0x00004a96       0xa8 src/ASF/sam/boards/arduino_due_x/init.o
 .debug_loc     0x00004b3e      0xd6c src/ASF/sam/drivers/pio/pio.o
 .debug_loc     0x000058aa      0x360 src/ASF/sam/drivers/pio/pio_handler.o
 .debug_loc     0x00005c0a     0x138c src/ASF/sam/drivers/pmc/pmc.o
 .debug_loc     0x00006f96       0x2c src/ASF/sam/utils/cmsis/sam3x/source/templates/exceptions.o
 .debug_loc     0x00006fc2       0x38 src/ASF/sam/utils/cmsis/sam3x/source/templates/gcc/startup_sam3x.o
 .debug_loc     0x00006ffa       0xe4 src/ASF/sam/utils/cmsis/sam3x/source/templates/system_sam3x.o
 .debug_loc     0x000070de      0x300 src/ASF/sam/utils/syscalls/gcc/syscalls.o

.debug_aranges  0x00000000      0xd70
 .debug_aranges
                0x00000000       0x20 src/Platform/Driver/CLOCK/D_CLOCK.o
 .debug_aranges
                0x00000020       0x88 src/Platform/Driver/DD_CAN/D_CAN.o
 .debug_aranges
                0x000000a8       0x58 src/Platform/Driver/D_SYS/D_SYS.o
 .debug_aranges
                0x00000100       0x38 src/Platform/Driver/GPIO/D_GPIO.o
 .debug_aranges
                0x00000138       0x48 src/Platform/Driver/HANDLER/D_HANDLER.o
 .debug_aranges
                0x00000180       0x40 src/Platform/Driver/INT/D_INT.o
 .debug_aranges
                0x000001c0       0x30 src/Platform/Driver/PWM/D_PWM.o
 .debug_aranges
                0x000001f0       0x48 src/Platform/Driver/TIMER/D_TIMER.o
 .debug_aranges
                0x00000238       0x38 src/Platform/Service/CNTRL/S_CNTRL.o
 .debug_aranges
                0x00000270       0x20 src/Platform/Service/SYS/S_SYS.o
 .debug_aranges
                0x00000290       0x28 src/Platform/Service/TIMER/S_TIMER.o
 .debug_aranges
                0x000002b8       0x20 src/ASF/common/utils/stdio/read.o
 .debug_aranges
                0x000002d8       0x20 src/ASF/common/utils/stdio/write.o
 .debug_aranges
                0x000002f8       0xd0 src/ASF/sam/drivers/tc/tc.o
 .debug_aranges
                0x000003c8       0xd8 src/ASF/sam/drivers/uart/uart.o
 .debug_aranges
                0x000004a0      0x2d0 src/ASF/sam/drivers/usart/usart.o
 .debug_aranges
                0x00000770       0xb0 src/CPU3.o
 .debug_aranges
                0x00000820       0x98 src/ASF/common/services/clock/sam3x/sysclk.o
 .debug_aranges
                0x000008b8       0x30 src/ASF/sam/boards/arduino_due_x/init.o
 .debug_aranges
                0x000008e8      0x148 src/ASF/sam/drivers/pio/pio.o
 .debug_aranges
                0x00000a30       0x78 src/ASF/sam/drivers/pio/pio_handler.o
 .debug_aranges
                0x00000aa8      0x1f8 src/ASF/sam/drivers/pmc/pmc.o
 .debug_aranges
                0x00000ca0       0x20 src/ASF/sam/utils/cmsis/sam3x/source/templates/exceptions.o
 .debug_aranges
                0x00000cc0       0x20 src/ASF/sam/utils/cmsis/sam3x/source/templates/gcc/startup_sam3x.o
 .debug_aranges
                0x00000ce0       0x30 src/ASF/sam/utils/cmsis/sam3x/source/templates/system_sam3x.o
 .debug_aranges
                0x00000d10       0x60 src/ASF/sam/utils/syscalls/gcc/syscalls.o

.debug_ranges   0x00000000      0xbe8
 .debug_ranges  0x00000000       0x10 src/Platform/Driver/CLOCK/D_CLOCK.o
 .debug_ranges  0x00000010       0x90 src/Platform/Driver/DD_CAN/D_CAN.o
 .debug_ranges  0x000000a0       0x48 src/Platform/Driver/D_SYS/D_SYS.o
 .debug_ranges  0x000000e8       0x28 src/Platform/Driver/GPIO/D_GPIO.o
 .debug_ranges  0x00000110       0x38 src/Platform/Driver/HANDLER/D_HANDLER.o
 .debug_ranges  0x00000148       0x30 src/Platform/Driver/INT/D_INT.o
 .debug_ranges  0x00000178       0x20 src/Platform/Driver/PWM/D_PWM.o
 .debug_ranges  0x00000198       0x38 src/Platform/Driver/TIMER/D_TIMER.o
 .debug_ranges  0x000001d0       0x28 src/Platform/Service/CNTRL/S_CNTRL.o
 .debug_ranges  0x000001f8       0x10 src/Platform/Service/SYS/S_SYS.o
 .debug_ranges  0x00000208       0x18 src/Platform/Service/TIMER/S_TIMER.o
 .debug_ranges  0x00000220       0x10 src/ASF/common/utils/stdio/read.o
 .debug_ranges  0x00000230       0x10 src/ASF/common/utils/stdio/write.o
 .debug_ranges  0x00000240       0xc0 src/ASF/sam/drivers/tc/tc.o
 .debug_ranges  0x00000300       0xc8 src/ASF/sam/drivers/uart/uart.o
 .debug_ranges  0x000003c8      0x2c0 src/ASF/sam/drivers/usart/usart.o
 .debug_ranges  0x00000688       0xa0 src/CPU3.o
 .debug_ranges  0x00000728       0x88 src/ASF/common/services/clock/sam3x/sysclk.o
 .debug_ranges  0x000007b0       0x20 src/ASF/sam/boards/arduino_due_x/init.o
 .debug_ranges  0x000007d0      0x138 src/ASF/sam/drivers/pio/pio.o
 .debug_ranges  0x00000908       0x68 src/ASF/sam/drivers/pio/pio_handler.o
 .debug_ranges  0x00000970      0x1e8 src/ASF/sam/drivers/pmc/pmc.o
 .debug_ranges  0x00000b58       0x10 src/ASF/sam/utils/cmsis/sam3x/source/templates/exceptions.o
 .debug_ranges  0x00000b68       0x10 src/ASF/sam/utils/cmsis/sam3x/source/templates/gcc/startup_sam3x.o
 .debug_ranges  0x00000b78       0x20 src/ASF/sam/utils/cmsis/sam3x/source/templates/system_sam3x.o
 .debug_ranges  0x00000b98       0x50 src/ASF/sam/utils/syscalls/gcc/syscalls.o

.debug_macro    0x00000000     0x9cd2
 .debug_macro   0x00000000      0x687 src/Platform/Driver/CLOCK/D_CLOCK.o
 .debug_macro   0x00000687      0x6da src/Platform/Driver/DD_CAN/D_CAN.o
 .debug_macro   0x00000d61       0x94 src/Platform/Driver/DD_CAN/D_CAN.o
 .debug_macro   0x00000df5      0x702 src/Platform/Driver/D_SYS/D_SYS.o
 .debug_macro   0x000014f7       0x4c src/Platform/Driver/D_SYS/D_SYS.o
 .debug_macro   0x00001543       0x9a src/Platform/Driver/D_SYS/D_SYS.o
 .debug_macro   0x000015dd      0x68c src/Platform/Driver/GPIO/D_GPIO.o
 .debug_macro   0x00001c69       0x46 src/Platform/Driver/GPIO/D_GPIO.o
 .debug_macro   0x00001caf      0x6a8 src/Platform/Driver/HANDLER/D_HANDLER.o
 .debug_macro   0x00002357      0x68d src/Platform/Driver/INT/D_INT.o
 .debug_macro   0x000029e4      0x687 src/Platform/Driver/PWM/D_PWM.o
 .debug_macro   0x0000306b      0x687 src/Platform/Driver/TIMER/D_TIMER.o
 .debug_macro   0x000036f2      0x70e src/Platform/Service/CNTRL/S_CNTRL.o
 .debug_macro   0x00003e00      0x719 src/Platform/Service/SYS/S_SYS.o
 .debug_macro   0x00004519      0x70e src/Platform/Service/TIMER/S_TIMER.o
 .debug_macro   0x00004c27      0x529 src/ASF/common/utils/stdio/read.o
 .debug_macro   0x00005150      0x529 src/ASF/common/utils/stdio/write.o
 .debug_macro   0x00005679      0x544 src/ASF/sam/drivers/tc/tc.o
 .debug_macro   0x00005bbd       0x4c src/ASF/sam/drivers/tc/tc.o
 .debug_macro   0x00005c09       0x8d src/ASF/sam/drivers/tc/tc.o
 .debug_macro   0x00005c96       0x16 src/ASF/sam/drivers/tc/tc.o
 .debug_macro   0x00005cac       0x4a src/ASF/sam/drivers/tc/tc.o
 .debug_macro   0x00005cf6       0x1c src/ASF/sam/drivers/tc/tc.o
 .debug_macro   0x00005d12      0x545 src/ASF/sam/drivers/uart/uart.o
 .debug_macro   0x00006257      0x574 src/ASF/sam/drivers/usart/usart.o
 .debug_macro   0x000067cb       0x28 src/ASF/sam/drivers/usart/usart.o
 .debug_macro   0x000067f3      0x747 src/CPU3.o
 .debug_macro   0x00006f3a       0x16 src/CPU3.o
 .debug_macro   0x00006f50      0x5a9 src/ASF/common/services/clock/sam3x/sysclk.o
 .debug_macro   0x000074f9      0x1dd src/ASF/common/services/clock/sam3x/sysclk.o
 .debug_macro   0x000076d6      0x5ec src/ASF/sam/boards/arduino_due_x/init.o
 .debug_macro   0x00007cc2      0x545 src/ASF/sam/drivers/pio/pio.o
 .debug_macro   0x00008207       0x8e src/ASF/sam/drivers/pio/pio.o
 .debug_macro   0x00008295      0x552 src/ASF/sam/drivers/pio/pio_handler.o
 .debug_macro   0x000087e7      0x53e src/ASF/sam/drivers/pmc/pmc.o
 .debug_macro   0x00008d25       0x52 src/ASF/sam/drivers/pmc/pmc.o
 .debug_macro   0x00008d77      0x35b src/ASF/sam/utils/cmsis/sam3x/source/templates/exceptions.o
 .debug_macro   0x000090d2      0x369 src/ASF/sam/utils/cmsis/sam3x/source/templates/gcc/startup_sam3x.o
 .debug_macro   0x0000943b      0x36d src/ASF/sam/utils/cmsis/sam3x/source/templates/system_sam3x.o
 .debug_macro   0x000097a8       0x26 src/ASF/sam/utils/cmsis/sam3x/source/templates/system_sam3x.o
 .debug_macro   0x000097ce      0x19c src/ASF/sam/utils/syscalls/gcc/syscalls.o
 .debug_macro   0x0000996a       0x97 src/ASF/sam/utils/syscalls/gcc/syscalls.o
 .debug_macro   0x00009a01       0xf6 src/ASF/sam/utils/syscalls/gcc/syscalls.o
 .debug_macro   0x00009af7       0x52 src/ASF/sam/utils/syscalls/gcc/syscalls.o
 .debug_macro   0x00009b49       0x16 src/ASF/sam/utils/syscalls/gcc/syscalls.o
 .debug_macro   0x00009b5f       0x10 src/ASF/sam/utils/syscalls/gcc/syscalls.o
 .debug_macro   0x00009b6f       0x41 src/ASF/sam/utils/syscalls/gcc/syscalls.o
 .debug_macro   0x00009bb0      0x122 src/ASF/sam/utils/syscalls/gcc/syscalls.o

.debug_line     0x00000000    0x16e67
 .debug_line    0x00000000      0xf03 src/Platform/Driver/CLOCK/D_CLOCK.o
 .debug_line    0x00000f03     0x1105 src/Platform/Driver/DD_CAN/D_CAN.o
 .debug_line    0x00002008     0x11b4 src/Platform/Driver/D_SYS/D_SYS.o
 .debug_line    0x000031bc      0xf75 src/Platform/Driver/GPIO/D_GPIO.o
 .debug_line    0x00004131     0x1001 src/Platform/Driver/HANDLER/D_HANDLER.o
 .debug_line    0x00005132      0xf64 src/Platform/Driver/INT/D_INT.o
 .debug_line    0x00006096      0xf26 src/Platform/Driver/PWM/D_PWM.o
 .debug_line    0x00006fbc      0xf85 src/Platform/Driver/TIMER/D_TIMER.o
 .debug_line    0x00007f41     0x111c src/Platform/Service/CNTRL/S_CNTRL.o
 .debug_line    0x0000905d     0x1110 src/Platform/Service/SYS/S_SYS.o
 .debug_line    0x0000a16d     0x10f9 src/Platform/Service/TIMER/S_TIMER.o
 .debug_line    0x0000b266      0xb1f src/ASF/common/utils/stdio/read.o
 .debug_line    0x0000bd85      0xb1c src/ASF/common/utils/stdio/write.o
 .debug_line    0x0000c8a1      0xcc1 src/ASF/sam/drivers/tc/tc.o
 .debug_line    0x0000d562      0xcc1 src/ASF/sam/drivers/uart/uart.o
 .debug_line    0x0000e223     0x125a src/ASF/sam/drivers/usart/usart.o
 .debug_line    0x0000f47d     0x1478 src/CPU3.o
 .debug_line    0x000108f5      0xda3 src/ASF/common/services/clock/sam3x/sysclk.o
 .debug_line    0x00011698      0xd4d src/ASF/sam/boards/arduino_due_x/init.o
 .debug_line    0x000123e5      0xe40 src/ASF/sam/drivers/pio/pio.o
 .debug_line    0x00013225      0xc2c src/ASF/sam/drivers/pio/pio_handler.o
 .debug_line    0x00013e51     0x10de src/ASF/sam/drivers/pmc/pmc.o
 .debug_line    0x00014f2f      0x8c9 src/ASF/sam/utils/cmsis/sam3x/source/templates/exceptions.o
 .debug_line    0x000157f8      0x91c src/ASF/sam/utils/cmsis/sam3x/source/templates/gcc/startup_sam3x.o
 .debug_line    0x00016114      0x978 src/ASF/sam/utils/cmsis/sam3x/source/templates/system_sam3x.o
 .debug_line    0x00016a8c      0x3db src/ASF/sam/utils/syscalls/gcc/syscalls.o

.debug_str      0x00000000    0x62520
 .debug_str     0x00000000    0x5d99a src/Platform/Driver/CLOCK/D_CLOCK.o
                              0x5dd35 (size before relaxing)
 .debug_str     0x0005d99a      0xf08 src/Platform/Driver/DD_CAN/D_CAN.o
                              0x5eb63 (size before relaxing)
 .debug_str     0x0005e8a2      0x707 src/Platform/Driver/D_SYS/D_SYS.o
                              0x5e7d6 (size before relaxing)
 .debug_str     0x0005efa9       0x6d src/Platform/Driver/GPIO/D_GPIO.o
                              0x5e055 (size before relaxing)
 .debug_str     0x0005f016      0x18e src/Platform/Driver/HANDLER/D_HANDLER.o
                              0x5e2b7 (size before relaxing)
 .debug_str     0x0005f1a4      0x175 src/Platform/Driver/INT/D_INT.o
                              0x5e00b (size before relaxing)
 .debug_str     0x0005f319       0xaa src/Platform/Driver/PWM/D_PWM.o
                              0x5dead (size before relaxing)
 .debug_str     0x0005f3c3       0x7a src/Platform/Driver/TIMER/D_TIMER.o
                              0x5df45 (size before relaxing)
 .debug_str     0x0005f43d       0xb9 src/Platform/Service/CNTRL/S_CNTRL.o
                              0x5e110 (size before relaxing)
 .debug_str     0x0005f4f6       0x4d src/Platform/Service/SYS/S_SYS.o
                              0x5e028 (size before relaxing)
 .debug_str     0x0005f543       0x4d src/Platform/Service/TIMER/S_TIMER.o
                              0x5e059 (size before relaxing)
 .debug_str     0x0005f590       0x2c src/ASF/common/utils/stdio/read.o
                              0x5937e (size before relaxing)
 .debug_str     0x0005f5bc       0x26 src/ASF/common/utils/stdio/write.o
                              0x59380 (size before relaxing)
 .debug_str     0x0005f5e2      0x322 src/ASF/sam/drivers/tc/tc.o
                              0x59726 (size before relaxing)
 .debug_str     0x0005f904      0x2bd src/ASF/sam/drivers/uart/uart.o
                              0x59706 (size before relaxing)
 .debug_str     0x0005fbc1      0xaff src/ASF/sam/drivers/usart/usart.o
                              0x59fdf (size before relaxing)
 .debug_str     0x000606c0      0x703 src/CPU3.o
                              0x5f1a4 (size before relaxing)
 .debug_str     0x00060dc3      0x160 src/ASF/common/services/clock/sam3x/sysclk.o
                              0x5d012 (size before relaxing)
 .debug_str     0x00060f23       0x5c src/ASF/sam/boards/arduino_due_x/init.o
                              0x5d7cc (size before relaxing)
 .debug_str     0x00060f7f      0x406 src/ASF/sam/drivers/pio/pio.o
                              0x59d22 (size before relaxing)
 .debug_str     0x00061385      0x12d src/ASF/sam/drivers/pio/pio_handler.o
                              0x59d6e (size before relaxing)
 .debug_str     0x000614b2      0x674 src/ASF/sam/drivers/pmc/pmc.o
                              0x59d65 (size before relaxing)
 .debug_str     0x00061b26       0x4d src/ASF/sam/utils/cmsis/sam3x/source/templates/exceptions.o
                              0x4c83f (size before relaxing)
 .debug_str     0x00061b73       0xb2 src/ASF/sam/utils/cmsis/sam3x/source/templates/gcc/startup_sam3x.o
                              0x4c928 (size before relaxing)
 .debug_str     0x00061c25      0x1cd src/ASF/sam/utils/cmsis/sam3x/source/templates/system_sam3x.o
                              0x4cb3b (size before relaxing)
 .debug_str     0x00061df2      0x72e src/ASF/sam/utils/syscalls/gcc/syscalls.o
                               0x694c (size before relaxing)

.debug_frame    0x00000000     0x4234
 .debug_frame   0x00000000       0x2c src/Platform/Driver/CLOCK/D_CLOCK.o
 .debug_frame   0x0000002c      0x230 src/Platform/Driver/DD_CAN/D_CAN.o
 .debug_frame   0x0000025c      0x138 src/Platform/Driver/D_SYS/D_SYS.o
 .debug_frame   0x00000394       0xa4 src/Platform/Driver/GPIO/D_GPIO.o
 .debug_frame   0x00000438       0xc4 src/Platform/Driver/HANDLER/D_HANDLER.o
 .debug_frame   0x000004fc       0xcc src/Platform/Driver/INT/D_INT.o
 .debug_frame   0x000005c8       0x80 src/Platform/Driver/PWM/D_PWM.o
 .debug_frame   0x00000648       0xe0 src/Platform/Driver/TIMER/D_TIMER.o
 .debug_frame   0x00000728       0xa4 src/Platform/Service/CNTRL/S_CNTRL.o
 .debug_frame   0x000007cc       0x2c src/Platform/Service/SYS/S_SYS.o
 .debug_frame   0x000007f8       0x58 src/Platform/Service/TIMER/S_TIMER.o
 .debug_frame   0x00000850       0x34 src/ASF/common/utils/stdio/read.o
 .debug_frame   0x00000884       0x34 src/ASF/common/utils/stdio/write.o
 .debug_frame   0x000008b8      0x3a8 src/ASF/sam/drivers/tc/tc.o
 .debug_frame   0x00000c60      0x3d0 src/ASF/sam/drivers/uart/uart.o
 .debug_frame   0x00001030      0xd70 src/ASF/sam/drivers/usart/usart.o
 .debug_frame   0x00001da0      0x2ac src/CPU3.o
 .debug_frame   0x0000204c      0x240 src/ASF/common/services/clock/sam3x/sysclk.o
 .debug_frame   0x0000228c       0x6c src/ASF/sam/boards/arduino_due_x/init.o
 .debug_frame   0x000022f8      0x5f8 src/ASF/sam/drivers/pio/pio.o
 .debug_frame   0x000028f0      0x1b4 src/ASF/sam/drivers/pio/pio_handler.o
 .debug_frame   0x00002aa4      0x8c4 src/ASF/sam/drivers/pmc/pmc.o
 .debug_frame   0x00003368       0x28 src/ASF/sam/utils/cmsis/sam3x/source/templates/exceptions.o
 .debug_frame   0x00003390       0x30 src/ASF/sam/utils/cmsis/sam3x/source/templates/gcc/startup_sam3x.o
 .debug_frame   0x000033c0       0x78 src/ASF/sam/utils/cmsis/sam3x/source/templates/system_sam3x.o
 .debug_frame   0x00003438      0x168 src/ASF/sam/utils/syscalls/gcc/syscalls.o
 .debug_frame   0x000035a0       0x2c c:/program files (x86)/atmel/studio/7.0/toolchain/arm/arm-gnu-toolchain/bin/../lib/gcc/arm-none-eabi/5.3.1/../../../../arm-none-eabi/lib/armv7-m\libc.a(lib_a-init.o)